Archive member included to satisfy reference by file (symbol)

c:/program files (x86)/atmel/studio/7.0/toolchain/avr8/avr8-gnu-toolchain/bin/../lib/gcc/avr/5.4.0/../../../../avr/lib/avrxmega7\libm.a(addsf3.o)
                              ComHandler.o (__subsf3)
c:/program files (x86)/atmel/studio/7.0/toolchain/avr8/avr8-gnu-toolchain/bin/../lib/gcc/avr/5.4.0/../../../../avr/lib/avrxmega7\libm.a(addsf3x.o)
                              c:/program files (x86)/atmel/studio/7.0/toolchain/avr8/avr8-gnu-toolchain/bin/../lib/gcc/avr/5.4.0/../../../../avr/lib/avrxmega7\libm.a(addsf3.o) (__addsf3x)
c:/program files (x86)/atmel/studio/7.0/toolchain/avr8/avr8-gnu-toolchain/bin/../lib/gcc/avr/5.4.0/../../../../avr/lib/avrxmega7\libm.a(cmpsf2.o)
                              ComHandler.o (__ltsf2)
c:/program files (x86)/atmel/studio/7.0/toolchain/avr8/avr8-gnu-toolchain/bin/../lib/gcc/avr/5.4.0/../../../../avr/lib/avrxmega7\libm.a(divsf3.o)
                              ComHandler.o (__divsf3)
c:/program files (x86)/atmel/studio/7.0/toolchain/avr8/avr8-gnu-toolchain/bin/../lib/gcc/avr/5.4.0/../../../../avr/lib/avrxmega7\libm.a(divsf3x.o)
                              c:/program files (x86)/atmel/studio/7.0/toolchain/avr8/avr8-gnu-toolchain/bin/../lib/gcc/avr/5.4.0/../../../../avr/lib/avrxmega7\libm.a(divsf3.o) (__divsf3x)
c:/program files (x86)/atmel/studio/7.0/toolchain/avr8/avr8-gnu-toolchain/bin/../lib/gcc/avr/5.4.0/../../../../avr/lib/avrxmega7\libm.a(floatsisf.o)
                              Ms5525dso.o (__floatunsisf)
c:/program files (x86)/atmel/studio/7.0/toolchain/avr8/avr8-gnu-toolchain/bin/../lib/gcc/avr/5.4.0/../../../../avr/lib/avrxmega7\libm.a(fp_cmp.o)
                              c:/program files (x86)/atmel/studio/7.0/toolchain/avr8/avr8-gnu-toolchain/bin/../lib/gcc/avr/5.4.0/../../../../avr/lib/avrxmega7\libm.a(cmpsf2.o) (__fp_cmp)
c:/program files (x86)/atmel/studio/7.0/toolchain/avr8/avr8-gnu-toolchain/bin/../lib/gcc/avr/5.4.0/../../../../avr/lib/avrxmega7\libm.a(fp_inf.o)
                              c:/program files (x86)/atmel/studio/7.0/toolchain/avr8/avr8-gnu-toolchain/bin/../lib/gcc/avr/5.4.0/../../../../avr/lib/avrxmega7\libm.a(addsf3x.o) (__fp_inf)
c:/program files (x86)/atmel/studio/7.0/toolchain/avr8/avr8-gnu-toolchain/bin/../lib/gcc/avr/5.4.0/../../../../avr/lib/avrxmega7\libm.a(fp_nan.o)
                              c:/program files (x86)/atmel/studio/7.0/toolchain/avr8/avr8-gnu-toolchain/bin/../lib/gcc/avr/5.4.0/../../../../avr/lib/avrxmega7\libm.a(addsf3x.o) (__fp_nan)
c:/program files (x86)/atmel/studio/7.0/toolchain/avr8/avr8-gnu-toolchain/bin/../lib/gcc/avr/5.4.0/../../../../avr/lib/avrxmega7\libm.a(fp_pscA.o)
                              c:/program files (x86)/atmel/studio/7.0/toolchain/avr8/avr8-gnu-toolchain/bin/../lib/gcc/avr/5.4.0/../../../../avr/lib/avrxmega7\libm.a(addsf3x.o) (__fp_pscA)
c:/program files (x86)/atmel/studio/7.0/toolchain/avr8/avr8-gnu-toolchain/bin/../lib/gcc/avr/5.4.0/../../../../avr/lib/avrxmega7\libm.a(fp_pscB.o)
                              c:/program files (x86)/atmel/studio/7.0/toolchain/avr8/avr8-gnu-toolchain/bin/../lib/gcc/avr/5.4.0/../../../../avr/lib/avrxmega7\libm.a(addsf3x.o) (__fp_pscB)
c:/program files (x86)/atmel/studio/7.0/toolchain/avr8/avr8-gnu-toolchain/bin/../lib/gcc/avr/5.4.0/../../../../avr/lib/avrxmega7\libm.a(fp_round.o)
                              c:/program files (x86)/atmel/studio/7.0/toolchain/avr8/avr8-gnu-toolchain/bin/../lib/gcc/avr/5.4.0/../../../../avr/lib/avrxmega7\libm.a(addsf3.o) (__fp_round)
c:/program files (x86)/atmel/studio/7.0/toolchain/avr8/avr8-gnu-toolchain/bin/../lib/gcc/avr/5.4.0/../../../../avr/lib/avrxmega7\libm.a(fp_split3.o)
                              c:/program files (x86)/atmel/studio/7.0/toolchain/avr8/avr8-gnu-toolchain/bin/../lib/gcc/avr/5.4.0/../../../../avr/lib/avrxmega7\libm.a(addsf3x.o) (__fp_split3)
c:/program files (x86)/atmel/studio/7.0/toolchain/avr8/avr8-gnu-toolchain/bin/../lib/gcc/avr/5.4.0/../../../../avr/lib/avrxmega7\libm.a(fp_zero.o)
                              c:/program files (x86)/atmel/studio/7.0/toolchain/avr8/avr8-gnu-toolchain/bin/../lib/gcc/avr/5.4.0/../../../../avr/lib/avrxmega7\libm.a(addsf3x.o) (__fp_zero)
c:/program files (x86)/atmel/studio/7.0/toolchain/avr8/avr8-gnu-toolchain/bin/../lib/gcc/avr/5.4.0/../../../../avr/lib/avrxmega7\libm.a(gesf2.o)
                              ComHandler.o (__gtsf2)
c:/program files (x86)/atmel/studio/7.0/toolchain/avr8/avr8-gnu-toolchain/bin/../lib/gcc/avr/5.4.0/../../../../avr/lib/avrxmega7\libm.a(mulsf3.o)
                              Ms5525dso.o (__mulsf3)
c:/program files (x86)/atmel/studio/7.0/toolchain/avr8/avr8-gnu-toolchain/bin/../lib/gcc/avr/5.4.0/../../../../avr/lib/avrxmega7\libm.a(mulsf3x.o)
                              c:/program files (x86)/atmel/studio/7.0/toolchain/avr8/avr8-gnu-toolchain/bin/../lib/gcc/avr/5.4.0/../../../../avr/lib/avrxmega7\libm.a(mulsf3.o) (__mulsf3x)
[...]
Memory Configuration

Name             Origin             Length             Attributes
text             0x00000000         0x00100000         xr
data             0x00802000         0x0000ffa0         rw !x
eeprom           0x00810000         0x00010000         rw !x
fuse             0x00820000         0x00000006         rw !x
lock             0x00830000         0x00000400         rw !x
signature        0x00840000         0x00000400         rw !x
user_signatures  0x00850000         0x00000400         rw !x
*default*        0x00000000         0xffffffff

Linker script and memory map

LOAD C:/Program Files (x86)/Atmel/Studio/7.0/Packs/atmel/XMEGAA_DFP/1.1.68/gcc/dev/atxmega128a4u/avrxmega7/crtatxmega128a4u.o
LOAD Adca.o
LOAD ComHandler.o
LOAD Ms5525dso.o
LOAD Pump.o
LOAD Tcc0.o
LOAD Twie.o
LOAD UsartC1.o
LOAD UsartE0.o
LOAD Utils.o
LOAD main.o
LOAD Usart.o
LOAD Valve.o
START GROUP
LOAD c:/program files (x86)/atmel/studio/7.0/toolchain/avr8/avr8-gnu-toolchain/bin/../lib/gcc/avr/5.4.0/../../../../avr/lib/avrxmega7\libm.a
LOAD c:/program files (x86)/atmel/studio/7.0/toolchain/avr8/avr8-gnu-toolchain/bin/../lib/gcc/avr/5.4.0/../../../../avr/lib/avrxmega7\libprintf_flt.a
END GROUP
LOAD c:/program files (x86)/atmel/studio/7.0/toolchain/avr8/avr8-gnu-toolchain/bin/../lib/gcc/avr/5.4.0/avrxmega7\libgcc.a
LOAD c:/program files (x86)/atmel/studio/7.0/toolchain/avr8/avr8-gnu-toolchain/bin/../lib/gcc/avr/5.4.0/../../../../avr/lib/avrxmega7\libm.a
START GROUP
LOAD c:/program files (x86)/atmel/studio/7.0/toolchain/avr8/avr8-gnu-toolchain/bin/../lib/gcc/avr/5.4.0/avrxmega7\libgcc.a
LOAD c:/program files (x86)/atmel/studio/7.0/toolchain/avr8/avr8-gnu-toolchain/bin/../lib/gcc/avr/5.4.0/../../../../avr/lib/avrxmega7\libm.a
LOAD c:/program files (x86)/atmel/studio/7.0/toolchain/avr8/avr8-gnu-toolchain/bin/../lib/gcc/avr/5.4.0/../../../../avr/lib/avrxmega7\libc.a
LOAD C:/Program Files (x86)/Atmel/Studio/7.0/Packs/atmel/XMEGAA_DFP/1.1.68/gcc/dev/atxmega128a4u/avrxmega7\libatxmega128a4u.a
END GROUP
                0x00100000                __TEXT_REGION_LENGTH__ = DEFINED (__TEXT_REGION_LENGTH__)?__TEXT_REGION_LENGTH__:0x100000
                0x0000ffa0                __DATA_REGION_LENGTH__ = DEFINED (__DATA_REGION_LENGTH__)?__DATA_REGION_LENGTH__:0xffa0
                0x00010000                __EEPROM_REGION_LENGTH__ = DEFINED (__EEPROM_REGION_LENGTH__)?__EEPROM_REGION_LENGTH__:0x10000
                [0x00000006]                __FUSE_REGION_LENGTH__ = DEFINED (__FUSE_REGION_LENGTH__)?__FUSE_REGION_LENGTH__:0x400
                0x00000400                __LOCK_REGION_LENGTH__ = DEFINED (__LOCK_REGION_LENGTH__)?__LOCK_REGION_LENGTH__:0x400
                0x00000400                __SIGNATURE_REGION_LENGTH__ = DEFINED (__SIGNATURE_REGION_LENGTH__)?__SIGNATURE_REGION_LENGTH__:0x400
                0x00000400                __USER_SIGNATURE_REGION_LENGTH__ = DEFINED (__USER_SIGNATURE_REGION_LENGTH__)?__USER_SIGNATURE_REGION_LENGTH__:0x400

.hash
 *(.hash)

.dynsym
 *(.dynsym)

.dynstr
 *(.dynstr)

.gnu.version
 *(.gnu.version)

.gnu.version_d
 *(.gnu.version_d)

.gnu.version_r
 *(.gnu.version_r)

.rel.init
 *(.rel.init)

.rela.init
 *(.rela.init)

.rel.text
 *(.rel.text)
 *(.rel.text.*)
 *(.rel.gnu.linkonce.t*)

.rela.text
 *(.rela.text)
 *(.rela.text.*)
 *(.rela.gnu.linkonce.t*)

.rel.fini
 *(.rel.fini)

.rela.fini
 *(.rela.fini)

.rel.rodata
 *(.rel.rodata)
 *(.rel.rodata.*)
 *(.rel.gnu.linkonce.r*)

.rela.rodata
 *(.rela.rodata)
 *(.rela.rodata.*)
 *(.rela.gnu.linkonce.r*)

.rel.data
 *(.rel.data)
 *(.rel.data.*)
 *(.rel.gnu.linkonce.d*)

.rela.data
 *(.rela.data)
 *(.rela.data.*)
 *(.rela.gnu.linkonce.d*)

.rel.ctors
 *(.rel.ctors)

.rela.ctors
 *(.rela.ctors)

.rel.dtors
 *(.rel.dtors)

.rela.dtors
 *(.rela.dtors)

.rel.got
 *(.rel.got)

.rela.got
 *(.rela.got)

.rel.bss
 *(.rel.bss)

.rela.bss
 *(.rela.bss)

.rel.plt
 *(.rel.plt)

.rela.plt
 *(.rela.plt)

.text           0x00000000     0x31d0
 *(.vectors)
 .vectors       0x00000000      0x1fc C:/Program Files (x86)/Atmel/Studio/7.0/Packs/atmel/XMEGAA_DFP/1.1.68/gcc/dev/atxmega128a4u/avrxmega7/crtatxmega128a4u.o
                0x00000000                __vector_default
                0x00000000                __vectors
 *(.vectors)
 *(.progmem.gcc*)
 .progmem.gcc_fplib
                0x000001fc       0x28 c:/program files (x86)/atmel/studio/7.0/toolchain/avr8/avr8-gnu-toolchain/bin/../lib/gcc/avr/5.4.0/../../../../avr/lib/avrxmega7\libm.a(exp.o)
 .progmem.gcc_fplib
                0x00000224       0x5a c:/program files (x86)/atmel/studio/7.0/toolchain/avr8/avr8-gnu-toolchain/bin/../lib/gcc/avr/5.4.0/../../../../avr/lib/avrxmega7\libm.a(log.o)
                0x0000027e                . = ALIGN (0x2)
                0x0000027e                __trampolines_start = .
 *(.trampolines)
 .trampolines   0x0000027e        0x0 linker stubs
 *(.trampolines*)
                0x0000027e                __trampolines_end = .
 *libprintf_flt.a:*(.progmem.data)
 .progmem.data  0x0000027e        0x8 c:/program files (x86)/atmel/studio/7.0/toolchain/avr8/avr8-gnu-toolchain/bin/../lib/gcc/avr/5.4.0/../../../../avr/lib/avrxmega7\libprintf_flt.a(vfprintf_flt.o)
 *libc.a:*(.progmem.data)
 .progmem.data  0x00000286       0xfa c:/program files (x86)/atmel/studio/7.0/toolchain/avr8/avr8-gnu-toolchain/bin/../lib/gcc/avr/5.4.0/../../../../avr/lib/avrxmega7\libc.a(ftoa_engine.o)
 *(.progmem*)
                0x00000380                . = ALIGN (0x2)
 *(.jumptables)
 *(.jumptables*)
 *(.lowtext)
 *(.lowtext*)
                0x00000380                __ctors_start = .
 *(.ctors)
                0x00000380                __ctors_end = .
                0x00000380                __dtors_start = .
 *(.dtors)
                0x00000380                __dtors_end = .
 SORT(*)(.ctors)
 SORT(*)(.dtors)
 *(.init0)
 .init0         0x00000380        0x0 C:/Program Files (x86)/Atmel/Studio/7.0/Packs/atmel/XMEGAA_DFP/1.1.68/gcc/dev/atxmega128a4u/avrxmega7/crtatxmega128a4u.o
                0x00000380                __init
 *(.init0)
 *(.init1)
 *(.init1)
 *(.init2)
 .init2         0x00000380       0x18 C:/Program Files (x86)/Atmel/Studio/7.0/Packs/atmel/XMEGAA_DFP/1.1.68/gcc/dev/atxmega128a4u/avrxmega7/crtatxmega128a4u.o
 *(.init2)
 *(.init3)
 *(.init3)
 *(.init4)
 .init4         0x00000398       0x1c c:/program files (x86)/atmel/studio/7.0/toolchain/avr8/avr8-gnu-toolchain/bin/../lib/gcc/avr/5.4.0/avrxmega7\libgcc.a(_copy_data.o)
                0x00000398                __do_copy_data
 .init4         0x000003b4       0x10 c:/program files (x86)/atmel/studio/7.0/toolchain/avr8/avr8-gnu-toolchain/bin/../lib/gcc/avr/5.4.0/avrxmega7\libgcc.a(_clear_bss.o)
                0x000003b4                __do_clear_bss
 *(.init4)
 *(.init5)
 *(.init5)
 *(.init6)
 *(.init6)
 *(.init7)
 *(.init7)
 *(.init8)
 *(.init8)
 *(.init9)
 .init9         0x000003c4        0x8 C:/Program Files (x86)/Atmel/Studio/7.0/Packs/atmel/XMEGAA_DFP/1.1.68/gcc/dev/atxmega128a4u/avrxmega7/crtatxmega128a4u.o
 *(.init9)
 *(.text)
 .text          0x000003cc        0x4 C:/Program Files (x86)/Atmel/Studio/7.0/Packs/atmel/XMEGAA_DFP/1.1.68/gcc/dev/atxmega128a4u/avrxmega7/crtatxmega128a4u.o
                0x000003cc                __vector_38
                0x000003cc                __vector_104
                0x000003cc                __vector_22
                0x000003cc                __vector_63
                0x000003cc                __vector_67
                0x000003cc                __vector_1
                0x000003cc                __vector_119
                0x000003cc                __vector_32
                0x000003cc                __vector_75
                0x000003cc                __vector_91
                0x000003cc                __vector_34
                0x000003cc                __vector_62
                0x000003cc                __vector_77
                0x000003cc                __vector_102
                0x000003cc                __vector_24
                0x000003cc                __vector_12
                0x000003cc                __vector_55
                0x000003cc                __vector_69
                0x000003cc                __vector_81
                0x000003cc                __vector_90
                0x000003cc                __vector_46
                0x000003cc                __bad_interrupt
                0x000003cc                __vector_122
                0x000003cc                __vector_114
                0x000003cc                __vector_6
                0x000003cc                __vector_110
                0x000003cc                __vector_31
                0x000003cc                __vector_92
                0x000003cc                __vector_35
                0x000003cc                __vector_78
                0x000003cc                __vector_117
                0x000003cc                __vector_39
                0x000003cc                __vector_107
                0x000003cc                __vector_3
                0x000003cc                __vector_105
                0x000003cc                __vector_98
                0x000003cc                __vector_23
                0x000003cc                __vector_68
                0x000003cc                __vector_45
                0x000003cc                __vector_25
                0x000003cc                __vector_93
                0x000003cc                __vector_61
                0x000003cc                __vector_11
                0x000003cc                __vector_54
                0x000003cc                __vector_99
                0x000003cc                __vector_13
                0x000003cc                __vector_17
                0x000003cc                __vector_19
                0x000003cc                __vector_56
                0x000003cc                __vector_7
                0x000003cc                __vector_125
                0x000003cc                __vector_49
                0x000003cc                __vector_123
                0x000003cc                __vector_41
                0x000003cc                __vector_86
                0x000003cc                __vector_100
                0x000003cc                __vector_101
                0x000003cc                __vector_64
                0x000003cc                __vector_88
                0x000003cc                __vector_109
                0x000003cc                __vector_43
                0x000003cc                __vector_27
                0x000003cc                __vector_5
                0x000003cc                __vector_113
                0x000003cc                __vector_33
                0x000003cc                __vector_76
                0x000003cc                __vector_115
                0x000003cc                __vector_47
                0x000003cc                __vector_52
                0x000003cc                __vector_37
                0x000003cc                __vector_95
                0x000003cc                __vector_103
                0x000003cc                __vector_96
                0x000003cc                __vector_89
                0x000003cc                __vector_108
                0x000003cc                __vector_4
                0x000003cc                __vector_44
                0x000003cc                __vector_82
                0x000003cc                __vector_106
                0x000003cc                __vector_118
                0x000003cc                __vector_51
                0x000003cc                __vector_9
                0x000003cc                __vector_2
                0x000003cc                __vector_21
                0x000003cc                __vector_15
                0x000003cc                __vector_66
                0x000003cc                __vector_36
                0x000003cc                __vector_79
                0x000003cc                __vector_70
                0x000003cc                __vector_83
                0x000003cc                __vector_60
                0x000003cc                __vector_121
                0x000003cc                __vector_40
                0x000003cc                __vector_85
                0x000003cc                __vector_94
                0x000003cc                __vector_126
                0x000003cc                __vector_8
                0x000003cc                __vector_26
                0x000003cc                __vector_48
                0x000003cc                __vector_124
                0x000003cc                __vector_116
                0x000003cc                __vector_112
                0x000003cc                __vector_111
                0x000003cc                __vector_80
                0x000003cc                __vector_84
                0x000003cc                __vector_57
                0x000003cc                __vector_53
                0x000003cc                __vector_10
                0x000003cc                __vector_50
                0x000003cc                __vector_16
                0x000003cc                __vector_59
                0x000003cc                __vector_18
                0x000003cc                __vector_97
                0x000003cc                __vector_20
                0x000003cc                __vector_42
                0x000003cc                __vector_87
                0x000003cc                __vector_65
                0x000003cc                __vector_120
                0x000003d0                . = ALIGN (0x2)
 *(.text.*)
 .text.__vector_71
                0x000003d0       0x3c Adca.o
                0x000003d0                __vector_71
 .text.__vector_72
                0x0000040c       0x3c Adca.o
                0x0000040c                __vector_72
 .text.__vector_73
                0x00000448       0x3c Adca.o
                0x00000448                __vector_73
 .text.__vector_74
                0x00000484       0x3c Adca.o
                0x00000484                __vector_74
 .text._ZN4Adca21startSingleConversionENS_9channel_eE
                0x000004c0       0x44 Adca.o
                0x000004c0                _ZN4Adca21startSingleConversionENS_9channel_eE
 .text._ZN4Adca14waitConversionENS_9channel_eE
                0x00000504       0x38 Adca.o
                0x00000504                _ZN4Adca14waitConversionENS_9channel_eE
 .text._ZN4Adca11readChannelENS_9channel_eE
                0x0000053c       0x58 Adca.o
                0x0000053c                _ZN4Adca11readChannelENS_9channel_eE
 .text._ZN4Adca9enableADCEv
                0x00000594       0x12 Adca.o
                0x00000594                _ZN4Adca9enableADCEv
 .text._ZN4AdcaC2ENS_11prescaler_eEN5Utils16interruptLevel_eE
                0x000005a6       0x44 Adca.o
                0x000005a6                _ZN4AdcaC2ENS_11prescaler_eEN5Utils16interruptLevel_eE
                0x000005a6                _ZN4AdcaC1ENS_11prescaler_eEN5Utils16interruptLevel_eE
 .text._ZN9Ms5525dso8readCoefENS_6coef_eE
                0x000005ea      0x164 Ms5525dso.o
                0x000005ea                _ZN9Ms5525dso8readCoefENS_6coef_eE
 .text._ZN9Ms5525dso5resetEv
                0x0000074e       0xbe Ms5525dso.o
                0x0000074e                _ZN9Ms5525dso5resetEv
 .text._ZN9Ms5525dso8readPROMEv
                0x0000080c       0x6a Ms5525dso.o
                0x0000080c                _ZN9Ms5525dso8readPROMEv
 .text._ZN9Ms5525dsoC2ENS_5osr_sEhP4TwieP7UsartE0
                0x00000876       0x68 Ms5525dso.o
                0x00000876                _ZN9Ms5525dsoC1ENS_5osr_sEhP4TwieP7UsartE0
                0x00000876                _ZN9Ms5525dsoC2ENS_5osr_sEhP4TwieP7UsartE0
 .text._ZN9Ms5525dso15convertPressureEv
                0x000008de       0xa8 Ms5525dso.o
                0x000008de                _ZN9Ms5525dso15convertPressureEv
 .text._ZN9Ms5525dso18convertTemperatureEv
                0x00000986       0xa8 Ms5525dso.o
                0x00000986                _ZN9Ms5525dso18convertTemperatureEv
 .text._ZN9Ms5525dso7readADCEv
                0x00000a2e      0x132 Ms5525dso.o
                0x00000a2e                _ZN9Ms5525dso7readADCEv
 .text._ZN9Ms5525dso4readEv
                0x00000b60      0x2d6 Ms5525dso.o
                0x00000b60                _ZN9Ms5525dso4readEv
 .text._ZN4PumpC2Ev
                0x00000e36       0x10 Pump.o
                0x00000e36                _ZN4PumpC1Ev
                0x00000e36                _ZN4PumpC2Ev
 .text._ZN4Pump6turnOnEv
                0x00000e46        0xe Pump.o
                0x00000e46                _ZN4Pump6turnOnEv
 .text._ZN4Pump7turnOffEv
                0x00000e54        0xc Pump.o
                0x00000e54                _ZN4Pump7turnOffEv
 .text.__vector_14
                0x00000e60       0x96 Tcc0.o
                0x00000e60                __vector_14
 .text._ZN4Tcc028enableTimerOverflowInterruptEN5Utils16interruptLevel_eE
                0x00000ef6       0x12 Tcc0.o
                0x00000ef6                _ZN4Tcc028enableTimerOverflowInterruptEN5Utils16interruptLevel_eE
 .text._ZN4Tcc0C2ENS_13clockSource_eEdN5Utils16interruptLevel_eE
                0x00000f08       0x22 Tcc0.o
                0x00000f08                _ZN4Tcc0C2ENS_13clockSource_eEdN5Utils16interruptLevel_eE
                0x00000f08                _ZN4Tcc0C1ENS_13clockSource_eEdN5Utils16interruptLevel_eE
 .text._ZN4Twie8waitReadEv
                0x00000f2a        0xa Twie.o
                0x00000f2a                _ZN4Twie8waitReadEv
 .text._ZN4Twie9waitWriteEv
                0x00000f34        0xa Twie.o
                0x00000f34                _ZN4Twie9waitWriteEv
 .text._ZN4Twie7isErrorEv
                0x00000f3e        0xe Twie.o
                0x00000f3e                _ZN4Twie7isErrorEv
 .text._ZN4Twie14getErrorStatusEv
                0x00000f4c       0x28 Twie.o
                0x00000f4c                _ZN4Twie14getErrorStatusEv
 .text._ZN4Twie12errorHandlerEPKc
                0x00000f74       0x56 Twie.o
                0x00000f74                _ZN4Twie12errorHandlerEPKc
 .text._ZN4Twie12enableMasterEv
                0x00000fca       0x12 Twie.o
                0x00000fca                _ZN4Twie12enableMasterEv
 .text._ZN4Twie15enableSmartModeEv
                0x00000fdc       0x12 Twie.o
                0x00000fdc                _ZN4Twie15enableSmartModeEv
 .text._ZN4Twie21setInactiveBusTimeoutENS_5ibt_eE
                0x00000fee       0x1a Twie.o
                0x00000fee                _ZN4Twie21setInactiveBusTimeoutENS_5ibt_eE
 .text._ZN4Twie20setAcknowledgeActionENS_19acknowledgeAction_eE
                0x00001008       0x22 Twie.o
                0x00001008                _ZN4Twie20setAcknowledgeActionENS_19acknowledgeAction_eE
 .text._ZN4Twie7getDataENS_19acknowledgeAction_eE
                0x0000102a        0xa Twie.o
                0x0000102a                _ZN4Twie7getDataENS_19acknowledgeAction_eE
 .text._ZN4Twie10setCommandENS_9command_eENS_19acknowledgeAction_eE
                0x00001034       0x34 Twie.o
                0x00001034                _ZN4Twie10setCommandENS_9command_eENS_19acknowledgeAction_eE
 .text._ZN4Twie10setBusIdleEv
                0x00001068        0xc Twie.o
                0x00001068                _ZN4Twie10setBusIdleEv
 .text._ZN4TwieC2EhNS_5ibt_eEP7UsartE0
                0x00001074       0x2e Twie.o
                0x00001074                _ZN4TwieC1EhNS_5ibt_eEP7UsartE0
                0x00001074                _ZN4TwieC2EhNS_5ibt_eEP7UsartE0
 .text._ZN4Twie10setAddressEhNS_11direction_eE
                0x000010a2       0x18 Twie.o
                0x000010a2                _ZN4Twie10setAddressEhNS_11direction_eE
 .text._ZN4Twie7setDataEh
                0x000010ba        0x8 Twie.o
                0x000010ba                _ZN4Twie7setDataEh
 .text.__vector_28
                0x000010c2       0x30 UsartC1.o
                0x000010c2                __vector_28
 .text.__vector_30
                0x000010f2       0x28 UsartC1.o
                0x000010f2                __vector_30
 .text.__vector_29
                0x0000111a       0x28 UsartC1.o
                0x0000111a                __vector_29
 .text.__vector_58
                0x00001142       0x30 UsartE0.o
                0x00001142                __vector_58
 .text._ZN7UsartE021waitDataRegisterEmptyEv
                0x00001172        0xa UsartE0.o
                0x00001172                _ZN7UsartE021waitDataRegisterEmptyEv
 .text._ZN7UsartE010sendStringEPKc
                0x0000117c       0x30 UsartE0.o
                0x0000117c                _ZN7UsartE010sendStringEPKc
 .text._ZN7UsartE030enableReceiveCompleteInterruptEN5Utils16interruptLevel_eE
                0x000011ac       0x1a UsartE0.o
                0x000011ac                _ZN7UsartE030enableReceiveCompleteInterruptEN5Utils16interruptLevel_eE
 .text._ZN7UsartE014enableReceiverEv
                0x000011c6       0x12 UsartE0.o
                0x000011c6                _ZN7UsartE014enableReceiverEv
 .text._ZN7UsartE017enableTransmitterEv
                0x000011d8       0x12 UsartE0.o
                0x000011d8                _ZN7UsartE017enableTransmitterEv
 .text._ZN7UsartE029enableDoubleTransmissionSpeedEv
                0x000011ea       0x12 UsartE0.o
                0x000011ea                _ZN7UsartE029enableDoubleTransmissionSpeedEv
 .text._ZN7UsartE07setBSELEj
                0x000011fc       0x18 UsartE0.o
                0x000011fc                _ZN7UsartE07setBSELEj
 .text._ZN7UsartE09setBSCALEEh
                0x00001214       0x1a UsartE0.o
                0x00001214                _ZN7UsartE09setBSCALEEh
 .text._ZN7UsartE0C2EN5Usart10baudrate_sEN5Utils16interruptLevel_eE
                0x0000122e       0x50 UsartE0.o
                0x0000122e                _ZN7UsartE0C2EN5Usart10baudrate_sEN5Utils16interruptLevel_eE
                0x0000122e                _ZN7UsartE0C1EN5Usart10baudrate_sEN5Utils16interruptLevel_eE
 .text._ZN5Utils14setSystemClockENS_13systemClock_eE
                0x0000127e       0x32 Utils.o
                0x0000127e                _ZN5Utils14setSystemClockENS_13systemClock_eE
 .text._ZN5Utils20enableInterruptLevelENS_16interruptLevel_eE
                0x000012b0       0x20 Utils.o
                0x000012b0                _ZN5Utils20enableInterruptLevelENS_16interruptLevel_eE
 .text._ZN5Utils21globalInterruptEnableEv
                0x000012d0        0x8 Utils.o
                0x000012d0                _ZN5Utils21globalInterruptEnableEv
 .text._ZN5Utils8delay_msEj
                0x000012d8       0x1e Utils.o
                0x000012d8                _ZN5Utils8delay_msEj
 .text._ZN5Utils8delay_usEj
                0x000012f6       0x1a Utils.o
                0x000012f6                _ZN5Utils8delay_usEj
 .text._Z12oversampleO2jR4Adca
                0x00001310       0x74 main.o
                0x00001310                _Z12oversampleO2jR4Adca
 .text._Z8flow_acqR9Ms5525dsoR4AdcaR4Tcc0R7UsartE0
                0x00001384       0xf0 main.o
                0x00001384                _Z8flow_acqR9Ms5525dsoR4AdcaR4Tcc0R7UsartE0
 .text._Z10start_testN5Utils8gascal_sER4AdcaR9Ms5525dsoR4PumpR4Tcc0R7UsartE0R5ValveSC_
                0x00001474      0x252 main.o
                0x00001474                _Z10start_testN5Utils8gascal_sER4AdcaR9Ms5525dsoR4PumpR4Tcc0R7UsartE0R5ValveSC_
 .text._Z12start_gascalR4AdcaR4PumpR4Tcc0R7UsartE0R5ValveS8_S8_
                0x000016c6      0x2cc main.o
                0x000016c6                _Z12start_gascalR4AdcaR4PumpR4Tcc0R7UsartE0R5ValveS8_S8_
 .text._Z12start_aircaldR4AdcaR4PumpR4Tcc0R7UsartE0R5ValveS8_S8_
                0x00001992      0x228 main.o
                0x00001992                _Z12start_aircaldR4AdcaR4PumpR4Tcc0R7UsartE0R5ValveS8_S8_
 .text.startup.main
                0x00001bba      0x418 main.o
                0x00001bba                main
 .text._ZN5ValveC2Eh
                0x00001fd2       0x12 Valve.o
                0x00001fd2                _ZN5ValveC1Eh
                0x00001fd2                _ZN5ValveC2Eh
 .text._ZN5Valve4openEv
                0x00001fe4        0xe Valve.o
                0x00001fe4                _ZN5Valve4openEv
 .text._ZN5Valve5closeEv
                0x00001ff2        0xc Valve.o
                0x00001ff2                _ZN5Valve5closeEv
 .text.avr-libc.fplib
                0x00001ffe        0xe c:/program files (x86)/atmel/studio/7.0/toolchain/avr8/avr8-gnu-toolchain/bin/../lib/gcc/avr/5.4.0/../../../../avr/lib/avrxmega7\libm.a(addsf3.o)
                0x00001ffe                __subsf3
                0x00002000                __addsf3
 .text.avr-libc.fplib
                0x0000200c       0xcc c:/program files (x86)/atmel/studio/7.0/toolchain/avr8/avr8-gnu-toolchain/bin/../lib/gcc/avr/5.4.0/../../../../avr/lib/avrxmega7\libm.a(addsf3x.o)
                0x0000202e                __addsf3x
 .text.avr-libc.fplib
                0x000020d8        0x8 c:/program files (x86)/atmel/studio/7.0/toolchain/avr8/avr8-gnu-toolchain/bin/../lib/gcc/avr/5.4.0/../../../../avr/lib/avrxmega7\libm.a(divsf3.o)
                0x000020d8                __divsf3
 .text.avr-libc.fplib
                0x000020e0       0xdc c:/program files (x86)/atmel/studio/7.0/toolchain/avr8/avr8-gnu-toolchain/bin/../lib/gcc/avr/5.4.0/../../../../avr/lib/avrxmega7\libm.a(divsf3x.o)
                0x00002100                __divsf3x
                0x00002106                __divsf3_pse
 .text.avr-libc.fplib
                0x000021bc       0x7a c:/program files (x86)/atmel/studio/7.0/toolchain/avr8/avr8-gnu-toolchain/bin/../lib/gcc/avr/5.4.0/../../../../avr/lib/avrxmega7\libm.a(floatsisf.o)
                0x000021bc                __floatunsisf
                0x000021c0                __floatsisf
 .text.avr-libc.fplib
                0x00002236       0x48 c:/program files (x86)/atmel/studio/7.0/toolchain/avr8/avr8-gnu-toolchain/bin/../lib/gcc/avr/5.4.0/../../../../avr/lib/avrxmega7\libm.a(fp_cmp.o)
                0x00002236                __fp_cmp
 .text.avr-libc.fplib
                0x0000227e        0xc c:/program files (x86)/atmel/studio/7.0/toolchain/avr8/avr8-gnu-toolchain/bin/../lib/gcc/avr/5.4.0/../../../../avr/lib/avrxmega7\libm.a(fp_inf.o)
                0x0000227e                __fp_inf
 .text.avr-libc.fplib
                0x0000228a        0x6 c:/program files (x86)/atmel/studio/7.0/toolchain/avr8/avr8-gnu-toolchain/bin/../lib/gcc/avr/5.4.0/../../../../avr/lib/avrxmega7\libm.a(fp_nan.o)
                0x0000228a                __fp_nan
 .text.avr-libc.fplib
                0x00002290        0xe c:/program files (x86)/atmel/studio/7.0/toolchain/avr8/avr8-gnu-toolchain/bin/../lib/gcc/avr/5.4.0/../../../../avr/lib/avrxmega7\libm.a(fp_pscA.o)
                0x00002290                __fp_pscA
 .text.avr-libc.fplib
                0x0000229e        0xe c:/program files (x86)/atmel/studio/7.0/toolchain/avr8/avr8-gnu-toolchain/bin/../lib/gcc/avr/5.4.0/../../../../avr/lib/avrxmega7\libm.a(fp_pscB.o)
                0x0000229e                __fp_pscB
 .text.avr-libc.fplib
                0x000022ac       0x22 c:/program files (x86)/atmel/studio/7.0/toolchain/avr8/avr8-gnu-toolchain/bin/../lib/gcc/avr/5.4.0/../../../../avr/lib/avrxmega7\libm.a(fp_round.o)
                0x000022ac                __fp_round
 .text.avr-libc.fplib
                0x000022ce       0x44 c:/program files (x86)/atmel/studio/7.0/toolchain/avr8/avr8-gnu-toolchain/bin/../lib/gcc/avr/5.4.0/../../../../avr/lib/avrxmega7\libm.a(fp_split3.o)
                0x000022ce                __fp_split3
                0x000022de                __fp_splitA
 .text.avr-libc.fplib
                0x00002312        0xe c:/program files (x86)/atmel/studio/7.0/toolchain/avr8/avr8-gnu-toolchain/bin/../lib/gcc/avr/5.4.0/../../../../avr/lib/avrxmega7\libm.a(fp_zero.o)
                0x00002312                __fp_zero
                0x00002314                __fp_szero
 .text.avr-libc.fplib
                0x00002320        0xa c:/program files (x86)/atmel/studio/7.0/toolchain/avr8/avr8-gnu-toolchain/bin/../lib/gcc/avr/5.4.0/../../../../avr/lib/avrxmega7\libm.a(gesf2.o)
                0x00002320                __gesf2
                0x00002320                __gtsf2
 .text.avr-libc.fplib
                0x0000232a        0x8 c:/program files (x86)/atmel/studio/7.0/toolchain/avr8/avr8-gnu-toolchain/bin/../lib/gcc/avr/5.4.0/../../../../avr/lib/avrxmega7\libm.a(mulsf3.o)
                0x0000232a                __mulsf3
 .text.avr-libc.fplib
                0x00002332       0xd2 c:/program files (x86)/atmel/studio/7.0/toolchain/avr8/avr8-gnu-toolchain/bin/../lib/gcc/avr/5.4.0/../../../../avr/lib/avrxmega7\libm.a(mulsf3x.o)
                0x00002350                __mulsf3x
                0x00002356                __mulsf3_pse
 .text.avr-libc.fplib
                0x00002404       0xa0 c:/program files (x86)/atmel/studio/7.0/toolchain/avr8/avr8-gnu-toolchain/bin/../lib/gcc/avr/5.4.0/../../../../avr/lib/avrxmega7\libm.a(pow.o)
                0x00002404                pow
 .text.avr-libc.fplib
                0x000024a4       0x74 c:/program files (x86)/atmel/studio/7.0/toolchain/avr8/avr8-gnu-toolchain/bin/../lib/gcc/avr/5.4.0/../../../../avr/lib/avrxmega7\libm.a(exp.o)
                0x000024b4                exp
 .text.avr-libc.fplib
                0x00002518       0x4e c:/program files (x86)/atmel/studio/7.0/toolchain/avr8/avr8-gnu-toolchain/bin/../lib/gcc/avr/5.4.0/../../../../avr/lib/avrxmega7\libm.a(fp_powser.o)
                0x00002518                __fp_powser
 .text.avr-libc.fplib
                0x00002566       0x10 c:/program files (x86)/atmel/studio/7.0/toolchain/avr8/avr8-gnu-toolchain/bin/../lib/gcc/avr/5.4.0/../../../../avr/lib/avrxmega7\libm.a(inverse.o)
                0x00002566                inverse
 .text.avr-libc.fplib
                0x00002576       0x74 c:/program files (x86)/atmel/studio/7.0/toolchain/avr8/avr8-gnu-toolchain/bin/../lib/gcc/avr/5.4.0/../../../../avr/lib/avrxmega7\libm.a(ldexp.o)
                0x0000257e                ldexp
 .text.avr-libc.fplib
                0x000025ea       0xa0 c:/program files (x86)/atmel/studio/7.0/toolchain/avr8/avr8-gnu-toolchain/bin/../lib/gcc/avr/5.4.0/../../../../avr/lib/avrxmega7\libm.a(log.o)
                0x000025fa                log
 .text.avr-libc.fplib
                0x0000268a       0x68 c:/program files (x86)/atmel/studio/7.0/toolchain/avr8/avr8-gnu-toolchain/bin/../lib/gcc/avr/5.4.0/../../../../avr/lib/avrxmega7\libm.a(modf.o)
                0x0000268a                modf
                0x0000268a                modff
 .text.avr-libc.fplib
                0x000026f2       0x1c c:/program files (x86)/atmel/studio/7.0/toolchain/avr8/avr8-gnu-toolchain/bin/../lib/gcc/avr/5.4.0/../../../../avr/lib/avrxmega7\libm.a(fp_mpack.o)
                0x000026f2                __fp_mpack
                0x000026f6                __fp_mpack_finite
 .text.avr-libc
                0x0000270e      0x740 c:/program files (x86)/atmel/studio/7.0/toolchain/avr8/avr8-gnu-toolchain/bin/../lib/gcc/avr/5.4.0/../../../../avr/lib/avrxmega7\libprintf_flt.a(vfprintf_flt.o)
                0x0000270e                vfprintf
 .text.avr-libc
                0x00002e4e      0x1b0 c:/program files (x86)/atmel/studio/7.0/toolchain/avr8/avr8-gnu-toolchain/bin/../lib/gcc/avr/5.4.0/../../../../avr/lib/avrxmega7\libc.a(ftoa_engine.o)
                0x00002e4e                __ftoa_engine
 .text.avr-libc
                0x00002ffe       0x16 c:/program files (x86)/atmel/studio/7.0/toolchain/avr8/avr8-gnu-toolchain/bin/../lib/gcc/avr/5.4.0/../../../../avr/lib/avrxmega7\libc.a(strnlen_P.o)
                0x00002ffe                strnlen_P
 .text.avr-libc
                0x00003014       0x16 c:/program files (x86)/atmel/studio/7.0/toolchain/avr8/avr8-gnu-toolchain/bin/../lib/gcc/avr/5.4.0/../../../../avr/lib/avrxmega7\libc.a(strnlen.o)
                0x00003014                strnlen
 .text.avr-libc
                0x0000302a       0x78 c:/program files (x86)/atmel/studio/7.0/toolchain/avr8/avr8-gnu-toolchain/bin/../lib/gcc/avr/5.4.0/../../../../avr/lib/avrxmega7\libc.a(fputc.o)
                0x0000302a                fputc
 .text.avr-libc
                0x000030a2       0x6e c:/program files (x86)/atmel/studio/7.0/toolchain/avr8/avr8-gnu-toolchain/bin/../lib/gcc/avr/5.4.0/../../../../avr/lib/avrxmega7\libc.a(snprintf.o)
                0x000030a2                snprintf
 .text.avr-libc
                0x00003110       0xbc c:/program files (x86)/atmel/studio/7.0/toolchain/avr8/avr8-gnu-toolchain/bin/../lib/gcc/avr/5.4.0/../../../../avr/lib/avrxmega7\libc.a(ultoa_invert.o)
                0x00003110                __ultoa_invert
                0x000031cc                . = ALIGN (0x2)
 *(.fini9)
 .fini9         0x000031cc        0x0 c:/program files (x86)/atmel/studio/7.0/toolchain/avr8/avr8-gnu-toolchain/bin/../lib/gcc/avr/5.4.0/avrxmega7\libgcc.a(_exit.o)
                0x000031cc                _exit
                0x000031cc                exit
 *(.fini9)
 *(.fini8)
 *(.fini8)
 *(.fini7)
 *(.fini7)
 *(.fini6)
 *(.fini6)
 *(.fini5)
 *(.fini5)
 *(.fini4)
 *(.fini4)
 *(.fini3)
 *(.fini3)
 *(.fini2)
 *(.fini2)
 *(.fini1)
 *(.fini1)
 *(.fini0)
 .fini0         0x000031cc        0x4 c:/program files (x86)/atmel/studio/7.0/toolchain/avr8/avr8-gnu-toolchain/bin/../lib/gcc/avr/5.4.0/avrxmega7\libgcc.a(_exit.o)
 *(.fini0)
                0x000031d0                _etext = .

.data           0x00802000      0x300 load address 0x000031d0
                0x00802000                PROVIDE (__data_start, .)
 *(.data)
 *(.data*)
 *(.rodata)
 .rodata        0x00802000        0x8 main.o
 *(.rodata*)
 .rodata.str1.1
                0x00802008      0x13c Ms5525dso.o
                                0x144 (size before relaxing)
 .rodata._ZN9Ms5525dso7OSR4096E
                0x00802144        0x3 Ms5525dso.o
                0x00802144                _ZN9Ms5525dso7OSR4096E
 .rodata.str1.1
                0x00802147       0x34 Twie.o
 .rodata.str1.1
                0x0080217b      0x180 main.o
                                0x18b (size before relaxing)
 .rodata._ZN5Usart10BAUD_115k2E
                0x008022fb        0x4 Usart.o
                0x008022fb                _ZN5Usart10BAUD_115k2E
 *(.gnu.linkonce.d*)
                0x00802300                . = ALIGN (0x2)
 *fill*         0x008022ff        0x1 
                0x00802300                _edata = .
                0x00802300                PROVIDE (__data_end, .)

.bss            0x00802300       0x5a
                0x00802300                PROVIDE (__bss_start, .)
 *(.bss)
 *(.bss*)
 .bss._ZN4Adca3ch3E
                0x00802300        0x2 Adca.o
                0x00802300                _ZN4Adca3ch3E
 .bss._ZN4Adca3ch2E
                0x00802302        0x2 Adca.o
                0x00802302                _ZN4Adca3ch2E
 .bss._ZN4Adca3ch1E
                0x00802304        0x2 Adca.o
                0x00802304                _ZN4Adca3ch1E
 .bss._ZN4Adca3ch0E
                0x00802306        0x2 Adca.o
                0x00802306                _ZN4Adca3ch0E
 .bss._ZN4Adca7ch3flagE
                0x00802308        0x1 Adca.o
                0x00802308                _ZN4Adca7ch3flagE
 .bss._ZN4Adca7ch2flagE
                0x00802309        0x1 Adca.o
                0x00802309                _ZN4Adca7ch2flagE
 .bss._ZN4Adca7ch1flagE
                0x0080230a        0x1 Adca.o
                0x0080230a                _ZN4Adca7ch1flagE
 .bss._ZN4Adca7ch0flagE
                0x0080230b        0x1 Adca.o
                0x0080230b                _ZN4Adca7ch0flagE
 .bss._ZN4Tcc016timeIncrement_msE
                0x0080230c        0x4 Tcc0.o
                0x0080230c                _ZN4Tcc016timeIncrement_msE
 .bss._ZN4Tcc07time_msE
                0x00802310        0x4 Tcc0.o
                0x00802310                _ZN4Tcc07time_msE
 .bss._ZN7UsartC16rxCharE
                0x00802314        0x1 UsartC1.o
                0x00802314                _ZN7UsartC16rxCharE
 .bss._ZN7UsartC17dreFlagE
                0x00802315        0x1 UsartC1.o
                0x00802315                _ZN7UsartC17dreFlagE
 .bss._ZN7UsartC17txcFlagE
                0x00802316        0x1 UsartC1.o
                0x00802316                _ZN7UsartC17txcFlagE
 .bss._ZN7UsartC17rxcFlagE
                0x00802317        0x1 UsartC1.o
                0x00802317                _ZN7UsartC17rxcFlagE
 .bss._ZN7UsartE06rxCharE
                0x00802318        0x1 UsartE0.o
                0x00802318                _ZN7UsartE06rxCharE
 .bss._ZN7UsartE07rxcFlagE
                0x00802319        0x1 UsartE0.o
                0x00802319                _ZN7UsartE07rxcFlagE
 .bss._ZN5Utils5txBufE
                0x0080231a       0x40 Utils.o
                0x0080231a                _ZN5Utils5txBufE
 *(COMMON)
                0x0080235a                PROVIDE (__bss_end, .)
                0x000031d0                __data_load_start = LOADADDR (.data)
                0x000034d0                __data_load_end = (__data_load_start + SIZEOF (.data))

.noinit         0x0080235a        0x0
                [!provide]                PROVIDE (__noinit_start, .)
 *(.noinit*)
                [!provide]                PROVIDE (__noinit_end, .)
                0x0080235a                _end = .
                [!provide]                PROVIDE (__heap_start, .)

.eeprom         0x00810000        0x0
 *(.eeprom*)
                0x00810000                __eeprom_end = .

.fuse
 *(.fuse)
 *(.lfuse)
 *(.hfuse)
 *(.efuse)

.lock
 *(.lock*)

.signature
 *(.signature*)

.user_signatures
 *(.user_signatures*)

.stab
 *(.stab)

.stabstr
 *(.stabstr)

.stab.excl
 *(.stab.excl)

.stab.exclstr
 *(.stab.exclstr)

.stab.index
 *(.stab.index)

.stab.indexstr
 *(.stab.indexstr)

.comment        0x00000000       0x5c
 *(.comment)
 .comment       0x00000000       0x30 Adca.o
                                 0x31 (size before relaxing)
 .comment       0x00000030       0x31 Ms5525dso.o
 .comment       0x00000030       0x31 Pump.o
 .comment       0x00000030       0x31 Tcc0.o
 .comment       0x00000030       0x31 Twie.o
 .comment       0x00000030       0x31 UsartC1.o
 .comment       0x00000030       0x31 UsartE0.o
 .comment       0x00000030       0x31 Utils.o
 .comment       0x00000030       0x31 main.o
 .comment       0x00000030       0x31 Usart.o
 .comment       0x00000030       0x31 Valve.o
 .comment       0x00000030       0x2c c:/program files (x86)/atmel/studio/7.0/toolchain/avr8/avr8-gnu-toolchain/bin/../lib/gcc/avr/5.4.0/../../../../avr/lib/avrxmega7\libprintf_flt.a(vfprintf_flt.o)
                                 0x2d (size before relaxing)
 .comment       0x0000005c       0x31 c:/program files (x86)/atmel/studio/7.0/toolchain/avr8/avr8-gnu-toolchain/bin/../lib/gcc/avr/5.4.0/../../../../avr/lib/avrxmega7\libc.a(fputc.o)
 .comment       0x0000005c       0x31 c:/program files (x86)/atmel/studio/7.0/toolchain/avr8/avr8-gnu-toolchain/bin/../lib/gcc/avr/5.4.0/../../../../avr/lib/avrxmega7\libc.a(snprintf.o)

.note.gnu.avr.deviceinfo
                0x00000000       0x40
 .note.gnu.avr.deviceinfo
                0x00000000       0x40 C:/Program Files (x86)/Atmel/Studio/7.0/Packs/atmel/XMEGAA_DFP/1.1.68/gcc/dev/atxmega128a4u/avrxmega7/crtatxmega128a4u.o

.note.gnu.build-id
 *(.note.gnu.build-id)

.debug
 *(.debug)

.line
 *(.line)

.debug_srcinfo
 *(.debug_srcinfo)

.debug_sfnames
 *(.debug_sfnames)

.debug_aranges  0x00000000      0x6b0
 *(.debug_aranges)
 .debug_aranges
                0x00000000      0x168 Adca.o
 .debug_aranges
                0x00000168       0x58 Ms5525dso.o
 .debug_aranges
                0x000001c0       0x38 Pump.o
 .debug_aranges
                0x000001f8      0x150 Tcc0.o
 .debug_aranges
                0x00000348      0x120 Twie.o
 .debug_aranges
                0x00000468       0x48 UsartC1.o
 .debug_aranges
                0x000004b0      0x120 UsartE0.o
 .debug_aranges
                0x000005d0       0x40 Utils.o
 .debug_aranges
                0x00000610       0x50 main.o
 .debug_aranges
                0x00000660       0x18 Usart.o
 .debug_aranges
                0x00000678       0x38 Valve.o

.debug_pubnames
 *(.debug_pubnames)

.debug_info     0x00000000     0xf3e1
 *(.debug_info .gnu.linkonce.wi.*)
 .debug_info    0x00000000     0x284f C:/Program Files (x86)/Atmel/Studio/7.0/Packs/atmel/XMEGAA_DFP/1.1.68/gcc/dev/atxmega128a4u/avrxmega7/crtatxmega128a4u.o
 .debug_info    0x0000284f     0x1b2e Adca.o
 .debug_info    0x0000437d     0x1e2f Ms5525dso.o
 .debug_info    0x000061ac      0x22c Pump.o
 .debug_info    0x000063d8     0x1431 Tcc0.o
 .debug_info    0x00007809     0x1a50 Twie.o
 .debug_info    0x00009259      0x63c UsartC1.o
 .debug_info    0x00009895     0x1213 UsartE0.o
 .debug_info    0x0000aaa8      0x39a Utils.o
 .debug_info    0x0000ae42     0x403b main.o
 .debug_info    0x0000ee7d      0x314 Usart.o
 .debug_info    0x0000f191      0x250 Valve.o

.debug_abbrev   0x00000000     0x40f1
 *(.debug_abbrev)
 .debug_abbrev  0x00000000     0x262c C:/Program Files (x86)/Atmel/Studio/7.0/Packs/atmel/XMEGAA_DFP/1.1.68/gcc/dev/atxmega128a4u/avrxmega7/crtatxmega128a4u.o
 .debug_abbrev  0x0000262c      0x34f Adca.o
 .debug_abbrev  0x0000297b      0x33b Ms5525dso.o
 .debug_abbrev  0x00002cb6      0x141 Pump.o
 .debug_abbrev  0x00002df7      0x2c4 Tcc0.o
 .debug_abbrev  0x000030bb      0x2f0 Twie.o
 .debug_abbrev  0x000033ab      0x24a UsartC1.o
 .debug_abbrev  0x000035f5      0x2c2 UsartE0.o
 .debug_abbrev  0x000038b7      0x1cc Utils.o
 .debug_abbrev  0x00003a83      0x480 main.o
 .debug_abbrev  0x00003f03       0x88 Usart.o
 .debug_abbrev  0x00003f8b      0x166 Valve.o

.debug_line     0x00000000     0x2d10
 *(.debug_line .debug_line.* .debug_line_end)
 .debug_line    0x00000000      0x3b5 C:/Program Files (x86)/Atmel/Studio/7.0/Packs/atmel/XMEGAA_DFP/1.1.68/gcc/dev/atxmega128a4u/avrxmega7/crtatxmega128a4u.o
 .debug_line    0x000003b5      0x82c Adca.o
 .debug_line    0x00000be1      0x3d9 Ms5525dso.o
 .debug_line    0x00000fba      0x10d Pump.o
 .debug_line    0x000010c7      0x6eb Tcc0.o
 .debug_line    0x000017b2      0x54d Twie.o
 .debug_line    0x00001cff      0x18f UsartC1.o
 .debug_line    0x00001e8e      0x4d7 UsartE0.o
 .debug_line    0x00002365      0x21c Utils.o
 .debug_line    0x00002581      0x5e3 main.o
 .debug_line    0x00002b64       0x99 Usart.o
 .debug_line    0x00002bfd      0x113 Valve.o

.debug_frame    0x00000000     0x10a8
 *(.debug_frame)
 .debug_frame   0x00000000      0x314 Adca.o
 .debug_frame   0x00000314      0x1d4 Ms5525dso.o
 .debug_frame   0x000004e8       0x54 Pump.o
 .debug_frame   0x0000053c      0x2d4 Tcc0.o
 .debug_frame   0x00000810      0x24c Twie.o
 .debug_frame   0x00000a5c       0xc8 UsartC1.o
 .debug_frame   0x00000b24      0x274 UsartE0.o
 .debug_frame   0x00000d98       0x64 Utils.o
 .debug_frame   0x00000dfc      0x258 main.o
 .debug_frame   0x00001054       0x54 Valve.o

.debug_str      0x00000000     0x627d
 *(.debug_str)
 .debug_str     0x00000000     0x1aa8 C:/Program Files (x86)/Atmel/Studio/7.0/Packs/atmel/XMEGAA_DFP/1.1.68/gcc/dev/atxmega128a4u/avrxmega7/crtatxmega128a4u.o
 .debug_str     0x00001aa8     0x151e Adca.o
                               0x156e (size before relaxing)
 .debug_str     0x00002fc6     0x1a33 Ms5525dso.o
                               0x1d84 (size before relaxing)
 .debug_str     0x000049f9       0x8a Pump.o
                                0x23d (size before relaxing)
 .debug_str     0x00004a83      0xee0 Tcc0.o
                               0x122d (size before relaxing)
 .debug_str     0x00005963       0x38 Twie.o
                               0x1b27 (size before relaxing)
 .debug_str     0x0000599b      0x21f UsartC1.o
                                0x678 (size before relaxing)
 .debug_str     0x00005bba       0x83 UsartE0.o
                               0x10b0 (size before relaxing)
 .debug_str     0x00005c3d       0x8b Utils.o
                                0x3bc (size before relaxing)
 .debug_str     0x00005cc8      0x3e1 main.o
                               0x4075 (size before relaxing)
 .debug_str     0x000060a9      0x1b7 Usart.o
                                0x447 (size before relaxing)
 .debug_str     0x00006260       0x1d Valve.o
                                0x248 (size before relaxing)

.debug_loc      0x00000000     0x5579
 *(.debug_loc)
 .debug_loc     0x00000000     0x153f Adca.o
 .debug_loc     0x0000153f      0x7ee Ms5525dso.o
 .debug_loc     0x00001d2d       0x40 Pump.o
 .debug_loc     0x00001d6d      0xd78 Tcc0.o
 .debug_loc     0x00002ae5      0x8f1 Twie.o
 .debug_loc     0x000033d6      0x26c UsartC1.o
 .debug_loc     0x00003642      0x834 UsartE0.o
 .debug_loc     0x00003e76      0x101 Utils.o
 .debug_loc     0x00003f77     0x158a main.o
 .debug_loc     0x00005501       0x78 Valve.o

.debug_macinfo
 *(.debug_macinfo)

.debug_weaknames
 *(.debug_weaknames)

.debug_funcnames
 *(.debug_funcnames)

.debug_typenames
 *(.debug_typenames)

.debug_varnames
 *(.debug_varnames)

.debug_pubtypes
 *(.debug_pubtypes)

.debug_ranges   0x00000000      0x6c0
 *(.debug_ranges)
 .debug_ranges  0x00000000      0x158 Adca.o
 .debug_ranges  0x00000158       0x48 Ms5525dso.o
 .debug_ranges  0x000001a0       0x28 Pump.o
 .debug_ranges  0x000001c8      0x140 Tcc0.o
 .debug_ranges  0x00000308      0x128 Twie.o
 .debug_ranges  0x00000430       0x38 UsartC1.o
 .debug_ranges  0x00000468      0x110 UsartE0.o
 .debug_ranges  0x00000578       0x30 Utils.o
 .debug_ranges  0x000005a8       0xf0 main.o
 .debug_ranges  0x00000698       0x28 Valve.o

.debug_macro
 *(.debug_macro)
OUTPUT(evog_one.elf elf32-avr)
LOAD linker stubs
