Archive member included to satisfy reference by file (symbol)

c:/program files (x86)/atmel/studio/7.0/toolchain/avr8/avr8-gnu-toolchain/bin/../lib/gcc/avr/5.4.0/../../../../avr/lib/avrxmega7\libm.a(addsf3.o)
                              ComHandler.o (__subsf3)
c:/program files (x86)/atmel/studio/7.0/toolchain/avr8/avr8-gnu-toolchain/bin/../lib/gcc/avr/5.4.0/../../../../avr/lib/avrxmega7\libm.a(addsf3x.o)
                              c:/program files (x86)/atmel/studio/7.0/toolchain/avr8/avr8-gnu-toolchain/bin/../lib/gcc/avr/5.4.0/../../../../avr/lib/avrxmega7\libm.a(addsf3.o) (__addsf3x)
c:/program files (x86)/atmel/studio/7.0/toolchain/avr8/avr8-gnu-toolchain/bin/../lib/gcc/avr/5.4.0/../../../../avr/lib/avrxmega7\libm.a(cmpsf2.o)
                              ComHandler.o (__ltsf2)
c:/program files (x86)/atmel/studio/7.0/toolchain/avr8/avr8-gnu-toolchain/bin/../lib/gcc/avr/5.4.0/../../../../avr/lib/avrxmega7\libm.a(divsf3.o)
                              Ms5525dso.o (__divsf3)
c:/program files (x86)/atmel/studio/7.0/toolchain/avr8/avr8-gnu-toolchain/bin/../lib/gcc/avr/5.4.0/../../../../avr/lib/avrxmega7\libm.a(divsf3x.o)
                              c:/program files (x86)/atmel/studio/7.0/toolchain/avr8/avr8-gnu-toolchain/bin/../lib/gcc/avr/5.4.0/../../../../avr/lib/avrxmega7\libm.a(divsf3.o) (__divsf3x)
c:/program files (x86)/atmel/studio/7.0/toolchain/avr8/avr8-gnu-toolchain/bin/../lib/gcc/avr/5.4.0/../../../../avr/lib/avrxmega7\libm.a(fixsfsi.o)
                              TestHandler.o (__fixsfsi)
c:/program files (x86)/atmel/studio/7.0/toolchain/avr8/avr8-gnu-toolchain/bin/../lib/gcc/avr/5.4.0/../../../../avr/lib/avrxmega7\libm.a(fixunssfsi.o)
                              c:/program files (x86)/atmel/studio/7.0/toolchain/avr8/avr8-gnu-toolchain/bin/../lib/gcc/avr/5.4.0/../../../../avr/lib/avrxmega7\libm.a(fixsfsi.o) (__fixunssfsi)
c:/program files (x86)/atmel/studio/7.0/toolchain/avr8/avr8-gnu-toolchain/bin/../lib/gcc/avr/5.4.0/../../../../avr/lib/avrxmega7\libm.a(floatsisf.o)
                              Ms5525dso.o (__floatunsisf)
c:/program files (x86)/atmel/studio/7.0/toolchain/avr8/avr8-gnu-toolchain/bin/../lib/gcc/avr/5.4.0/../../../../avr/lib/avrxmega7\libm.a(fp_cmp.o)
                              c:/program files (x86)/atmel/studio/7.0/toolchain/avr8/avr8-gnu-toolchain/bin/../lib/gcc/avr/5.4.0/../../../../avr/lib/avrxmega7\libm.a(cmpsf2.o) (__fp_cmp)
c:/program files (x86)/atmel/studio/7.0/toolchain/avr8/avr8-gnu-toolchain/bin/../lib/gcc/avr/5.4.0/../../../../avr/lib/avrxmega7\libm.a(fp_inf.o)
                              c:/program files (x86)/atmel/studio/7.0/toolchain/avr8/avr8-gnu-toolchain/bin/../lib/gcc/avr/5.4.0/../../../../avr/lib/avrxmega7\libm.a(addsf3x.o) (__fp_inf)
c:/program files (x86)/atmel/studio/7.0/toolchain/avr8/avr8-gnu-toolchain/bin/../lib/gcc/avr/5.4.0/../../../../avr/lib/avrxmega7\libm.a(fp_nan.o)
                              c:/program files (x86)/atmel/studio/7.0/toolchain/avr8/avr8-gnu-toolchain/bin/../lib/gcc/avr/5.4.0/../../../../avr/lib/avrxmega7\libm.a(addsf3x.o) (__fp_nan)
c:/program files (x86)/atmel/studio/7.0/toolchain/avr8/avr8-gnu-toolchain/bin/../lib/gcc/avr/5.4.0/../../../../avr/lib/avrxmega7\libm.a(fp_pscA.o)
                              c:/program files (x86)/atmel/studio/7.0/toolchain/avr8/avr8-gnu-toolchain/bin/../lib/gcc/avr/5.4.0/../../../../avr/lib/avrxmega7\libm.a(addsf3x.o) (__fp_pscA)
c:/program files (x86)/atmel/studio/7.0/toolchain/avr8/avr8-gnu-toolchain/bin/../lib/gcc/avr/5.4.0/../../../../avr/lib/avrxmega7\libm.a(fp_pscB.o)
                              c:/program files (x86)/atmel/studio/7.0/toolchain/avr8/avr8-gnu-toolchain/bin/../lib/gcc/avr/5.4.0/../../../../avr/lib/avrxmega7\libm.a(addsf3x.o) (__fp_pscB)
c:/program files (x86)/atmel/studio/7.0/toolchain/avr8/avr8-gnu-toolchain/bin/../lib/gcc/avr/5.4.0/../../../../avr/lib/avrxmega7\libm.a(fp_round.o)
                              c:/program files (x86)/atmel/studio/7.0/toolchain/avr8/avr8-gnu-toolchain/bin/../lib/gcc/avr/5.4.0/../../../../avr/lib/avrxmega7\libm.a(addsf3.o) (__fp_round)
c:/program files (x86)/atmel/studio/7.0/toolchain/avr8/avr8-gnu-toolchain/bin/../lib/gcc/avr/5.4.0/../../../../avr/lib/avrxmega7\libm.a(fp_split3.o)
                              c:/program files (x86)/atmel/studio/7.0/toolchain/avr8/avr8-gnu-toolchain/bin/../lib/gcc/avr/5.4.0/../../../../avr/lib/avrxmega7\libm.a(addsf3x.o) (__fp_split3)
c:/program files (x86)/atmel/studio/7.0/toolchain/avr8/avr8-gnu-toolchain/bin/../lib/gcc/avr/5.4.0/../../../../avr/lib/avrxmega7\libm.a(fp_zero.o)
                              c:/program files (x86)/atmel/studio/7.0/toolchain/avr8/avr8-gnu-toolchain/bin/../lib/gcc/avr/5.4.0/../../../../avr/lib/avrxmega7\libm.a(addsf3x.o) (__fp_zero)
c:/program files (x86)/atmel/studio/7.0/toolchain/avr8/avr8-gnu-toolchain/bin/../lib/gcc/avr/5.4.0/../../../../avr/lib/avrxmega7\libm.a(gesf2.o)
                              TestHandler.o (__gesf2)
[...]
Memory Configuration

Name             Origin             Length             Attributes
text             0x00000000         0x00100000         xr
data             0x00802000         0x0000ffa0         rw !x
eeprom           0x00810000         0x00010000         rw !x
fuse             0x00820000         0x00000006         rw !x
lock             0x00830000         0x00000400         rw !x
signature        0x00840000         0x00000400         rw !x
user_signatures  0x00850000         0x00000400         rw !x
*default*        0x00000000         0xffffffff

Linker script and memory map

LOAD C:/Program Files (x86)/Atmel/Studio/7.0/Packs/atmel/XMEGAA_DFP/1.1.68/gcc/dev/atxmega128a4u/avrxmega7/crtatxmega128a4u.o
LOAD Adca.o
LOAD ComHandler.o
LOAD Ms5525dso.o
LOAD Pump.o
LOAD Tcc0.o
LOAD TestHandler.o
LOAD Twie.o
LOAD UsartC1.o
LOAD UsartE0.o
LOAD Utils.o
LOAD main.o
LOAD Usart.o
LOAD Valve.o
START GROUP
LOAD c:/program files (x86)/atmel/studio/7.0/toolchain/avr8/avr8-gnu-toolchain/bin/../lib/gcc/avr/5.4.0/../../../../avr/lib/avrxmega7\libm.a
LOAD c:/program files (x86)/atmel/studio/7.0/toolchain/avr8/avr8-gnu-toolchain/bin/../lib/gcc/avr/5.4.0/../../../../avr/lib/avrxmega7\libprintf_flt.a
END GROUP
LOAD c:/program files (x86)/atmel/studio/7.0/toolchain/avr8/avr8-gnu-toolchain/bin/../lib/gcc/avr/5.4.0/avrxmega7\libgcc.a
LOAD c:/program files (x86)/atmel/studio/7.0/toolchain/avr8/avr8-gnu-toolchain/bin/../lib/gcc/avr/5.4.0/../../../../avr/lib/avrxmega7\libm.a
START GROUP
LOAD c:/program files (x86)/atmel/studio/7.0/toolchain/avr8/avr8-gnu-toolchain/bin/../lib/gcc/avr/5.4.0/avrxmega7\libgcc.a
LOAD c:/program files (x86)/atmel/studio/7.0/toolchain/avr8/avr8-gnu-toolchain/bin/../lib/gcc/avr/5.4.0/../../../../avr/lib/avrxmega7\libm.a
LOAD c:/program files (x86)/atmel/studio/7.0/toolchain/avr8/avr8-gnu-toolchain/bin/../lib/gcc/avr/5.4.0/../../../../avr/lib/avrxmega7\libc.a
LOAD C:/Program Files (x86)/Atmel/Studio/7.0/Packs/atmel/XMEGAA_DFP/1.1.68/gcc/dev/atxmega128a4u/avrxmega7\libatxmega128a4u.a
END GROUP
                0x00100000                __TEXT_REGION_LENGTH__ = DEFINED (__TEXT_REGION_LENGTH__)?__TEXT_REGION_LENGTH__:0x100000
                0x0000ffa0                __DATA_REGION_LENGTH__ = DEFINED (__DATA_REGION_LENGTH__)?__DATA_REGION_LENGTH__:0xffa0
                0x00010000                __EEPROM_REGION_LENGTH__ = DEFINED (__EEPROM_REGION_LENGTH__)?__EEPROM_REGION_LENGTH__:0x10000
                [0x00000006]                __FUSE_REGION_LENGTH__ = DEFINED (__FUSE_REGION_LENGTH__)?__FUSE_REGION_LENGTH__:0x400
                0x00000400                __LOCK_REGION_LENGTH__ = DEFINED (__LOCK_REGION_LENGTH__)?__LOCK_REGION_LENGTH__:0x400
                0x00000400                __SIGNATURE_REGION_LENGTH__ = DEFINED (__SIGNATURE_REGION_LENGTH__)?__SIGNATURE_REGION_LENGTH__:0x400
                0x00000400                __USER_SIGNATURE_REGION_LENGTH__ = DEFINED (__USER_SIGNATURE_REGION_LENGTH__)?__USER_SIGNATURE_REGION_LENGTH__:0x400

.hash
 *(.hash)

.dynsym
 *(.dynsym)

.dynstr
 *(.dynstr)

.gnu.version
 *(.gnu.version)

.gnu.version_d
 *(.gnu.version_d)

.gnu.version_r
 *(.gnu.version_r)

.rel.init
 *(.rel.init)

.rela.init
 *(.rela.init)

.rel.text
 *(.rel.text)
 *(.rel.text.*)
 *(.rel.gnu.linkonce.t*)

.rela.text
 *(.rela.text)
 *(.rela.text.*)
 *(.rela.gnu.linkonce.t*)

.rel.fini
 *(.rel.fini)

.rela.fini
 *(.rela.fini)

.rel.rodata
 *(.rel.rodata)
 *(.rel.rodata.*)
 *(.rel.gnu.linkonce.r*)

.rela.rodata
 *(.rela.rodata)
 *(.rela.rodata.*)
 *(.rela.gnu.linkonce.r*)

.rel.data
 *(.rel.data)
 *(.rel.data.*)
 *(.rel.gnu.linkonce.d*)

.rela.data
 *(.rela.data)
 *(.rela.data.*)
 *(.rela.gnu.linkonce.d*)

.rel.ctors
 *(.rel.ctors)

.rela.ctors
 *(.rela.ctors)

.rel.dtors
 *(.rel.dtors)

.rela.dtors
 *(.rela.dtors)

.rel.got
 *(.rel.got)

.rela.got
 *(.rela.got)

.rel.bss
 *(.rel.bss)

.rela.bss
 *(.rela.bss)

.rel.plt
 *(.rel.plt)

.rela.plt
 *(.rela.plt)

.text           0x00000000     0x38fe
 *(.vectors)
 .vectors       0x00000000      0x1fc C:/Program Files (x86)/Atmel/Studio/7.0/Packs/atmel/XMEGAA_DFP/1.1.68/gcc/dev/atxmega128a4u/avrxmega7/crtatxmega128a4u.o
                0x00000000                __vector_default
                0x00000000                __vectors
 *(.vectors)
 *(.progmem.gcc*)
 .progmem.gcc_sw_table._ZN10ComHandler13changeHandlerENS_8change_eE
                0x000001fc       0x20 ComHandler.o
 .progmem.gcc_fplib
                0x0000021c       0x28 c:/program files (x86)/atmel/studio/7.0/toolchain/avr8/avr8-gnu-toolchain/bin/../lib/gcc/avr/5.4.0/../../../../avr/lib/avrxmega7\libm.a(exp.o)
 .progmem.gcc_fplib
                0x00000244       0x5a c:/program files (x86)/atmel/studio/7.0/toolchain/avr8/avr8-gnu-toolchain/bin/../lib/gcc/avr/5.4.0/../../../../avr/lib/avrxmega7\libm.a(log.o)
                0x0000029e                . = ALIGN (0x2)
                0x0000029e                __trampolines_start = .
 *(.trampolines)
 .trampolines   0x0000029e       0x20 linker stubs
 *(.trampolines*)
                0x000002be                __trampolines_end = .
 *libprintf_flt.a:*(.progmem.data)
 .progmem.data  0x000002be        0x8 c:/program files (x86)/atmel/studio/7.0/toolchain/avr8/avr8-gnu-toolchain/bin/../lib/gcc/avr/5.4.0/../../../../avr/lib/avrxmega7\libprintf_flt.a(vfprintf_flt.o)
 *libc.a:*(.progmem.data)
 .progmem.data  0x000002c6       0x3b c:/program files (x86)/atmel/studio/7.0/toolchain/avr8/avr8-gnu-toolchain/bin/../lib/gcc/avr/5.4.0/../../../../avr/lib/avrxmega7\libc.a(strtod.o)
 .progmem.data  0x00000301       0xfa c:/program files (x86)/atmel/studio/7.0/toolchain/avr8/avr8-gnu-toolchain/bin/../lib/gcc/avr/5.4.0/../../../../avr/lib/avrxmega7\libc.a(ftoa_engine.o)
 *(.progmem*)
                0x000003fc                . = ALIGN (0x2)
 *fill*         0x000003fb        0x1 
 *(.jumptables)
 *(.jumptables*)
 *(.lowtext)
 *(.lowtext*)
                0x000003fc                __ctors_start = .
 *(.ctors)
                0x000003fc                __ctors_end = .
                0x000003fc                __dtors_start = .
 *(.dtors)
                0x000003fc                __dtors_end = .
 SORT(*)(.ctors)
 SORT(*)(.dtors)
 *(.init0)
 .init0         0x000003fc        0x0 C:/Program Files (x86)/Atmel/Studio/7.0/Packs/atmel/XMEGAA_DFP/1.1.68/gcc/dev/atxmega128a4u/avrxmega7/crtatxmega128a4u.o
                0x000003fc                __init
 *(.init0)
 *(.init1)
 *(.init1)
 *(.init2)
 .init2         0x000003fc       0x18 C:/Program Files (x86)/Atmel/Studio/7.0/Packs/atmel/XMEGAA_DFP/1.1.68/gcc/dev/atxmega128a4u/avrxmega7/crtatxmega128a4u.o
 *(.init2)
 *(.init3)
 *(.init3)
 *(.init4)
 .init4         0x00000414       0x1c c:/program files (x86)/atmel/studio/7.0/toolchain/avr8/avr8-gnu-toolchain/bin/../lib/gcc/avr/5.4.0/avrxmega7\libgcc.a(_copy_data.o)
                0x00000414                __do_copy_data
 .init4         0x00000430       0x10 c:/program files (x86)/atmel/studio/7.0/toolchain/avr8/avr8-gnu-toolchain/bin/../lib/gcc/avr/5.4.0/avrxmega7\libgcc.a(_clear_bss.o)
                0x00000430                __do_clear_bss
 *(.init4)
 *(.init5)
 *(.init5)
 *(.init6)
 *(.init6)
 *(.init7)
 *(.init7)
 *(.init8)
 *(.init8)
 *(.init9)
 .init9         0x00000440        0x8 C:/Program Files (x86)/Atmel/Studio/7.0/Packs/atmel/XMEGAA_DFP/1.1.68/gcc/dev/atxmega128a4u/avrxmega7/crtatxmega128a4u.o
 *(.init9)
 *(.text)
 .text          0x00000448        0x4 C:/Program Files (x86)/Atmel/Studio/7.0/Packs/atmel/XMEGAA_DFP/1.1.68/gcc/dev/atxmega128a4u/avrxmega7/crtatxmega128a4u.o
                0x00000448                __vector_38
                0x00000448                __vector_104
                0x00000448                __vector_22
                0x00000448                __vector_63
                0x00000448                __vector_67
                0x00000448                __vector_1
                0x00000448                __vector_119
                0x00000448                __vector_32
                0x00000448                __vector_75
                0x00000448                __vector_91
                0x00000448                __vector_34
                0x00000448                __vector_62
                0x00000448                __vector_77
                0x00000448                __vector_102
                0x00000448                __vector_24
                0x00000448                __vector_12
                0x00000448                __vector_55
                0x00000448                __vector_69
                0x00000448                __vector_81
                0x00000448                __vector_90
                0x00000448                __vector_46
                0x00000448                __bad_interrupt
                0x00000448                __vector_122
                0x00000448                __vector_114
                0x00000448                __vector_6
                0x00000448                __vector_110
                0x00000448                __vector_31
                0x00000448                __vector_92
                0x00000448                __vector_35
                0x00000448                __vector_78
                0x00000448                __vector_117
                0x00000448                __vector_39
                0x00000448                __vector_107
                0x00000448                __vector_3
                0x00000448                __vector_105
                0x00000448                __vector_98
                0x00000448                __vector_23
                0x00000448                __vector_68
                0x00000448                __vector_30
                0x00000448                __vector_45
                0x00000448                __vector_25
                0x00000448                __vector_93
                0x00000448                __vector_61
                0x00000448                __vector_11
                0x00000448                __vector_54
                0x00000448                __vector_99
                0x00000448                __vector_13
                0x00000448                __vector_17
                0x00000448                __vector_19
                0x00000448                __vector_56
                0x00000448                __vector_7
                0x00000448                __vector_125
                0x00000448                __vector_49
                0x00000448                __vector_123
                0x00000448                __vector_41
                0x00000448                __vector_86
                0x00000448                __vector_100
                0x00000448                __vector_101
                0x00000448                __vector_64
                0x00000448                __vector_88
                0x00000448                __vector_109
                0x00000448                __vector_43
                0x00000448                __vector_27
                0x00000448                __vector_5
                0x00000448                __vector_113
                0x00000448                __vector_33
                0x00000448                __vector_76
                0x00000448                __vector_115
                0x00000448                __vector_47
                0x00000448                __vector_52
                0x00000448                __vector_37
                0x00000448                __vector_95
                0x00000448                __vector_103
                0x00000448                __vector_96
                0x00000448                __vector_89
                0x00000448                __vector_108
                0x00000448                __vector_4
                0x00000448                __vector_44
                0x00000448                __vector_82
                0x00000448                __vector_106
                0x00000448                __vector_118
                0x00000448                __vector_51
                0x00000448                __vector_9
                0x00000448                __vector_2
                0x00000448                __vector_21
                0x00000448                __vector_15
                0x00000448                __vector_66
                0x00000448                __vector_36
                0x00000448                __vector_79
                0x00000448                __vector_70
                0x00000448                __vector_83
                0x00000448                __vector_29
                0x00000448                __vector_60
                0x00000448                __vector_121
                0x00000448                __vector_40
                0x00000448                __vector_85
                0x00000448                __vector_94
                0x00000448                __vector_126
                0x00000448                __vector_8
                0x00000448                __vector_26
                0x00000448                __vector_48
                0x00000448                __vector_124
                0x00000448                __vector_116
                0x00000448                __vector_112
                0x00000448                __vector_111
                0x00000448                __vector_80
                0x00000448                __vector_84
                0x00000448                __vector_57
                0x00000448                __vector_53
                0x00000448                __vector_10
                0x00000448                __vector_50
                0x00000448                __vector_16
                0x00000448                __vector_59
                0x00000448                __vector_18
                0x00000448                __vector_97
                0x00000448                __vector_20
                0x00000448                __vector_42
                0x00000448                __vector_87
                0x00000448                __vector_65
                0x00000448                __vector_120
                0x0000044c                . = ALIGN (0x2)
 *(.text.*)
 .text.__vector_71
                0x0000044c       0x3c Adca.o
                0x0000044c                __vector_71
 .text.__vector_72
                0x00000488       0x3c Adca.o
                0x00000488                __vector_72
 .text.__vector_73
                0x000004c4       0x3c Adca.o
                0x000004c4                __vector_73
 .text.__vector_74
                0x00000500       0x3c Adca.o
                0x00000500                __vector_74
 .text._ZN4Adca21startSingleConversionENS_9channel_eE
                0x0000053c       0x44 Adca.o
                0x0000053c                _ZN4Adca21startSingleConversionENS_9channel_eE
 .text._ZN4Adca14waitConversionENS_9channel_eE
                0x00000580       0x38 Adca.o
                0x00000580                _ZN4Adca14waitConversionENS_9channel_eE
 .text._ZN4Adca11readChannelENS_9channel_eE
                0x000005b8       0x58 Adca.o
                0x000005b8                _ZN4Adca11readChannelENS_9channel_eE
 .text._ZN4Adca9enableADCEv
                0x00000610       0x12 Adca.o
                0x00000610                _ZN4Adca9enableADCEv
 .text._ZN4AdcaC2ENS_11prescaler_eEN5Utils16interruptLevel_eE
                0x00000622       0x44 Adca.o
                0x00000622                _ZN4AdcaC2ENS_11prescaler_eEN5Utils16interruptLevel_eE
                0x00000622                _ZN4AdcaC1ENS_11prescaler_eEN5Utils16interruptLevel_eE
 .text._ZN10ComHandlerC2ENS_7state_eEP4Tcc0P7UsartE0P7UsartC1
                0x00000666       0x26 ComHandler.o
                0x00000666                _ZN10ComHandlerC2ENS_7state_eEP4Tcc0P7UsartE0P7UsartC1
                0x00000666                _ZN10ComHandlerC1ENS_7state_eEP4Tcc0P7UsartE0P7UsartC1
 .text._ZN10ComHandler6updateEv
                0x0000068c       0xa6 ComHandler.o
                0x0000068c                _ZN10ComHandler6updateEv
 .text._ZN10ComHandler10sendAnswerEv
                0x00000732       0x24 ComHandler.o
                0x00000732                _ZN10ComHandler10sendAnswerEv
 .text._ZN10ComHandler9fetchDataEv
                0x00000756       0x2c ComHandler.o
                0x00000756                _ZN10ComHandler9fetchDataEv
 .text._ZN10ComHandler15questionHandlerENS_10question_eE
                0x00000782       0xcc ComHandler.o
                0x00000782                _ZN10ComHandler15questionHandlerENS_10question_eE
 .text._ZN10ComHandler13changeHandlerENS_8change_eE
                0x0000084e      0x214 ComHandler.o
                0x0000084e                _ZN10ComHandler13changeHandlerENS_8change_eE
 .text._ZN10ComHandler6handleEcNS_5com_eE
                0x00000a62       0x3c ComHandler.o
                0x00000a62                _ZN10ComHandler6handleEcNS_5com_eE
 .text._ZN9Ms5525dso8readCoefENS_6coef_eE
                0x00000a9e      0x156 Ms5525dso.o
                0x00000a9e                _ZN9Ms5525dso8readCoefENS_6coef_eE
 .text._ZN9Ms5525dso5resetEv
                0x00000bf4       0xa2 Ms5525dso.o
                0x00000bf4                _ZN9Ms5525dso5resetEv
 .text._ZN9Ms5525dso8readPROMEv
                0x00000c96       0x52 Ms5525dso.o
                0x00000c96                _ZN9Ms5525dso8readPROMEv
 .text._ZN9Ms5525dsoC2ENS_5osr_sEhP4Twie
                0x00000ce8       0x5c Ms5525dso.o
                0x00000ce8                _ZN9Ms5525dsoC1ENS_5osr_sEhP4Twie
                0x00000ce8                _ZN9Ms5525dsoC2ENS_5osr_sEhP4Twie
 .text._ZN9Ms5525dso15convertPressureEv
                0x00000d44       0xa8 Ms5525dso.o
                0x00000d44                _ZN9Ms5525dso15convertPressureEv
 .text._ZN9Ms5525dso18convertTemperatureEv
                0x00000dec       0xa8 Ms5525dso.o
                0x00000dec                _ZN9Ms5525dso18convertTemperatureEv
 .text._ZN9Ms5525dso7readADCEv
                0x00000e94      0x132 Ms5525dso.o
                0x00000e94                _ZN9Ms5525dso7readADCEv
 .text._ZN9Ms5525dso4readEv
                0x00000fc6      0x2d6 Ms5525dso.o
                0x00000fc6                _ZN9Ms5525dso4readEv
 .text._ZN4PumpC2Ev
                0x0000129c       0x10 Pump.o
                0x0000129c                _ZN4PumpC1Ev
                0x0000129c                _ZN4PumpC2Ev
 .text._ZN4Pump6turnOnEv
                0x000012ac        0xe Pump.o
                0x000012ac                _ZN4Pump6turnOnEv
 .text._ZN4Pump7turnOffEv
                0x000012ba        0xc Pump.o
                0x000012ba                _ZN4Pump7turnOffEv
 .text.__vector_14
                0x000012c6       0x9a Tcc0.o
                0x000012c6                __vector_14
 .text._ZN4Tcc028enableTimerOverflowInterruptEN5Utils16interruptLevel_eE
                0x00001360       0x12 Tcc0.o
                0x00001360                _ZN4Tcc028enableTimerOverflowInterruptEN5Utils16interruptLevel_eE
 .text._ZN4Tcc0C2ENS_13clockSource_eEdN5Utils16interruptLevel_eE
                0x00001372       0x22 Tcc0.o
                0x00001372                _ZN4Tcc0C2ENS_13clockSource_eEdN5Utils16interruptLevel_eE
                0x00001372                _ZN4Tcc0C1ENS_13clockSource_eEdN5Utils16interruptLevel_eE
 .text._ZN11TestHandlerC2EN5Utils8gascal_sEP4AdcaP9Ms5525dsoP4PumpP4Tcc0P7UsartE0P7UsartC1P5ValveSF_SF_
                0x00001394       0xc0 TestHandler.o
                0x00001394                _ZN11TestHandlerC1EN5Utils8gascal_sEP4AdcaP9Ms5525dsoP4PumpP4Tcc0P7UsartE0P7UsartC1P5ValveSF_SF_
                0x00001394                _ZN11TestHandlerC2EN5Utils8gascal_sEP4AdcaP9Ms5525dsoP4PumpP4Tcc0P7UsartE0P7UsartC1P5ValveSF_SF_
 .text._ZN11TestHandler12oversampleO2Ej
                0x00001454       0x70 TestHandler.o
                0x00001454                _ZN11TestHandler12oversampleO2Ej
 .text._ZN11TestHandler13o2_counts2pctEd
                0x000014c4       0x26 TestHandler.o
                0x000014c4                _ZN11TestHandler13o2_counts2pctEd
 .text._ZN11TestHandler12zero_chamberEj
                0x000014ea       0x92 TestHandler.o
                0x000014ea                _ZN11TestHandler12zero_chamberEj
 .text._ZN11TestHandler10start_testEv
                0x0000157c      0x30c TestHandler.o
                0x0000157c                _ZN11TestHandler10start_testEv
 .text._ZN11TestHandler12start_gascalEv
                0x00001888      0x244 TestHandler.o
                0x00001888                _ZN11TestHandler12start_gascalEv
 .text._ZN11TestHandler12start_aircalEv
                0x00001acc      0x1a8 TestHandler.o
                0x00001acc                _ZN11TestHandler12start_aircalEv
 .text._ZN4Twie8waitReadEv
                0x00001c74        0xa Twie.o
                0x00001c74                _ZN4Twie8waitReadEv
 .text._ZN4Twie9waitWriteEv
                0x00001c7e        0xa Twie.o
                0x00001c7e                _ZN4Twie9waitWriteEv
 .text._ZN4Twie7isErrorEv
                0x00001c88        0xe Twie.o
                0x00001c88                _ZN4Twie7isErrorEv
 .text._ZN4Twie12errorHandlerEPKc
                0x00001c96        0x2 Twie.o
                0x00001c96                _ZN4Twie12errorHandlerEPKc
 .text._ZN4Twie12enableMasterEv
                0x00001c98       0x12 Twie.o
                0x00001c98                _ZN4Twie12enableMasterEv
 .text._ZN4Twie15enableSmartModeEv
                0x00001caa       0x12 Twie.o
                0x00001caa                _ZN4Twie15enableSmartModeEv
 .text._ZN4Twie21setInactiveBusTimeoutENS_5ibt_eE
                0x00001cbc       0x1a Twie.o
                0x00001cbc                _ZN4Twie21setInactiveBusTimeoutENS_5ibt_eE
 .text._ZN4Twie20setAcknowledgeActionENS_19acknowledgeAction_eE
                0x00001cd6       0x22 Twie.o
                0x00001cd6                _ZN4Twie20setAcknowledgeActionENS_19acknowledgeAction_eE
 .text._ZN4Twie7getDataENS_19acknowledgeAction_eE
                0x00001cf8        0xa Twie.o
                0x00001cf8                _ZN4Twie7getDataENS_19acknowledgeAction_eE
 .text._ZN4Twie10setCommandENS_9command_eENS_19acknowledgeAction_eE
                0x00001d02       0x34 Twie.o
                0x00001d02                _ZN4Twie10setCommandENS_9command_eENS_19acknowledgeAction_eE
 .text._ZN4Twie10setBusIdleEv
                0x00001d36        0xc Twie.o
                0x00001d36                _ZN4Twie10setBusIdleEv
 .text._ZN4TwieC2EhNS_5ibt_eE
                0x00001d42       0x2a Twie.o
                0x00001d42                _ZN4TwieC1EhNS_5ibt_eE
                0x00001d42                _ZN4TwieC2EhNS_5ibt_eE
 .text._ZN4Twie10setAddressEhNS_11direction_eE
                0x00001d6c       0x18 Twie.o
                0x00001d6c                _ZN4Twie10setAddressEhNS_11direction_eE
 .text._ZN4Twie7setDataEh
                0x00001d84        0x8 Twie.o
                0x00001d84                _ZN4Twie7setDataEh
 .text.__vector_28
                0x00001d8c       0x30 UsartC1.o
                0x00001d8c                __vector_28
 .text._ZN7UsartC121waitDataRegisterEmptyEv
                0x00001dbc        0xa UsartC1.o
                0x00001dbc                _ZN7UsartC121waitDataRegisterEmptyEv
 .text._ZN7UsartC18sendCharEc
                0x00001dc6       0x10 UsartC1.o
                0x00001dc6                _ZN7UsartC18sendCharEc
 .text._ZN7UsartC110sendStringEPKc
                0x00001dd6       0x30 UsartC1.o
                0x00001dd6                _ZN7UsartC110sendStringEPKc
 .text._ZN7UsartC130enableReceiveCompleteInterruptEN5Utils16interruptLevel_eE
                0x00001e06       0x1a UsartC1.o
                0x00001e06                _ZN7UsartC130enableReceiveCompleteInterruptEN5Utils16interruptLevel_eE
 .text._ZN7UsartC114enableReceiverEv
                0x00001e20       0x12 UsartC1.o
                0x00001e20                _ZN7UsartC114enableReceiverEv
 .text._ZN7UsartC117enableTransmitterEv
                0x00001e32       0x12 UsartC1.o
                0x00001e32                _ZN7UsartC117enableTransmitterEv
 .text._ZN7UsartC129enableDoubleTransmissionSpeedEv
                0x00001e44       0x12 UsartC1.o
                0x00001e44                _ZN7UsartC129enableDoubleTransmissionSpeedEv
 .text._ZN7UsartC17setBSELEj
                0x00001e56       0x18 UsartC1.o
                0x00001e56                _ZN7UsartC17setBSELEj
 .text._ZN7UsartC19setBSCALEEh
                0x00001e6e       0x1a UsartC1.o
                0x00001e6e                _ZN7UsartC19setBSCALEEh
 .text._ZN7UsartC1C2EN5Usart10baudrate_sEN5Utils16interruptLevel_eE
                0x00001e88       0x50 UsartC1.o
                0x00001e88                _ZN7UsartC1C2EN5Usart10baudrate_sEN5Utils16interruptLevel_eE
                0x00001e88                _ZN7UsartC1C1EN5Usart10baudrate_sEN5Utils16interruptLevel_eE
 .text.__vector_58
                0x00001ed8       0x30 UsartE0.o
                0x00001ed8                __vector_58
 .text._ZN7UsartE021waitDataRegisterEmptyEv
                0x00001f08        0xa UsartE0.o
                0x00001f08                _ZN7UsartE021waitDataRegisterEmptyEv
 .text._ZN7UsartE08sendCharEc
                0x00001f12       0x10 UsartE0.o
                0x00001f12                _ZN7UsartE08sendCharEc
 .text._ZN7UsartE010sendStringEPKc
                0x00001f22       0x30 UsartE0.o
                0x00001f22                _ZN7UsartE010sendStringEPKc
 .text._ZN7UsartE030enableReceiveCompleteInterruptEN5Utils16interruptLevel_eE
                0x00001f52       0x1a UsartE0.o
                0x00001f52                _ZN7UsartE030enableReceiveCompleteInterruptEN5Utils16interruptLevel_eE
 .text._ZN7UsartE014enableReceiverEv
                0x00001f6c       0x12 UsartE0.o
                0x00001f6c                _ZN7UsartE014enableReceiverEv
 .text._ZN7UsartE017enableTransmitterEv
                0x00001f7e       0x12 UsartE0.o
                0x00001f7e                _ZN7UsartE017enableTransmitterEv
 .text._ZN7UsartE029enableDoubleTransmissionSpeedEv
                0x00001f90       0x12 UsartE0.o
                0x00001f90                _ZN7UsartE029enableDoubleTransmissionSpeedEv
 .text._ZN7UsartE07setBSELEj
                0x00001fa2       0x18 UsartE0.o
                0x00001fa2                _ZN7UsartE07setBSELEj
 .text._ZN7UsartE09setBSCALEEh
                0x00001fba       0x1a UsartE0.o
                0x00001fba                _ZN7UsartE09setBSCALEEh
 .text._ZN7UsartE0C2EN5Usart10baudrate_sEN5Utils16interruptLevel_eE
                0x00001fd4       0x50 UsartE0.o
                0x00001fd4                _ZN7UsartE0C2EN5Usart10baudrate_sEN5Utils16interruptLevel_eE
                0x00001fd4                _ZN7UsartE0C1EN5Usart10baudrate_sEN5Utils16interruptLevel_eE
 .text._ZN5Utils14setSystemClockENS_13systemClock_eE
                0x00002024       0x32 Utils.o
                0x00002024                _ZN5Utils14setSystemClockENS_13systemClock_eE
 .text._ZN5Utils20enableInterruptLevelENS_16interruptLevel_eE
                0x00002056       0x20 Utils.o
                0x00002056                _ZN5Utils20enableInterruptLevelENS_16interruptLevel_eE
 .text._ZN5Utils21globalInterruptEnableEv
                0x00002076        0x8 Utils.o
                0x00002076                _ZN5Utils21globalInterruptEnableEv
 .text._ZN5Utils8delay_msEj
                0x0000207e       0x1e Utils.o
                0x0000207e                _ZN5Utils8delay_msEj
 .text._ZN5Utils8delay_usEj
                0x0000209c       0x1a Utils.o
                0x0000209c                _ZN5Utils8delay_usEj
 .text.startup.main
                0x000020b6      0x1d8 main.o
                0x000020b6                main
 .text._ZN5ValveC2Eh
                0x0000228e       0x12 Valve.o
                0x0000228e                _ZN5ValveC1Eh
                0x0000228e                _ZN5ValveC2Eh
 .text._ZN5Valve4openEv
                0x000022a0        0xe Valve.o
                0x000022a0                _ZN5Valve4openEv
 .text._ZN5Valve5closeEv
                0x000022ae        0xc Valve.o
                0x000022ae                _ZN5Valve5closeEv
 .text.avr-libc.fplib
                0x000022ba        0xe c:/program files (x86)/atmel/studio/7.0/toolchain/avr8/avr8-gnu-toolchain/bin/../lib/gcc/avr/5.4.0/../../../../avr/lib/avrxmega7\libm.a(addsf3.o)
                0x000022ba                __subsf3
                0x000022bc                __addsf3
 .text.avr-libc.fplib
                0x000022c8       0xcc c:/program files (x86)/atmel/studio/7.0/toolchain/avr8/avr8-gnu-toolchain/bin/../lib/gcc/avr/5.4.0/../../../../avr/lib/avrxmega7\libm.a(addsf3x.o)
                0x000022ea                __addsf3x
 .text.avr-libc.fplib
                0x00002394        0xa c:/program files (x86)/atmel/studio/7.0/toolchain/avr8/avr8-gnu-toolchain/bin/../lib/gcc/avr/5.4.0/../../../../avr/lib/avrxmega7\libm.a(cmpsf2.o)
                0x00002394                __nesf2
                0x00002394                __eqsf2
                0x00002394                __cmpsf2
                0x00002394                __ltsf2
                0x00002394                __lesf2
 .text.avr-libc.fplib
                0x0000239e        0x8 c:/program files (x86)/atmel/studio/7.0/toolchain/avr8/avr8-gnu-toolchain/bin/../lib/gcc/avr/5.4.0/../../../../avr/lib/avrxmega7\libm.a(divsf3.o)
                0x0000239e                __divsf3
 .text.avr-libc.fplib
                0x000023a6       0xdc c:/program files (x86)/atmel/studio/7.0/toolchain/avr8/avr8-gnu-toolchain/bin/../lib/gcc/avr/5.4.0/../../../../avr/lib/avrxmega7\libm.a(divsf3x.o)
                0x000023c6                __divsf3x
                0x000023cc                __divsf3_pse
 .text.avr-libc.fplib
                0x00002482        0xe c:/program files (x86)/atmel/studio/7.0/toolchain/avr8/avr8-gnu-toolchain/bin/../lib/gcc/avr/5.4.0/../../../../avr/lib/avrxmega7\libm.a(fixsfsi.o)
                0x00002482                __fixsfsi
 .text.avr-libc.fplib
                0x00002490       0x5e c:/program files (x86)/atmel/studio/7.0/toolchain/avr8/avr8-gnu-toolchain/bin/../lib/gcc/avr/5.4.0/../../../../avr/lib/avrxmega7\libm.a(fixunssfsi.o)
                0x00002490                __fixunssfsi
 .text.avr-libc.fplib
                0x000024ee       0x7a c:/program files (x86)/atmel/studio/7.0/toolchain/avr8/avr8-gnu-toolchain/bin/../lib/gcc/avr/5.4.0/../../../../avr/lib/avrxmega7\libm.a(floatsisf.o)
                0x000024ee                __floatunsisf
                0x000024f2                __floatsisf
 .text.avr-libc.fplib
                0x00002568       0x48 c:/program files (x86)/atmel/studio/7.0/toolchain/avr8/avr8-gnu-toolchain/bin/../lib/gcc/avr/5.4.0/../../../../avr/lib/avrxmega7\libm.a(fp_cmp.o)
                0x00002568                __fp_cmp
 .text.avr-libc.fplib
                0x000025b0        0xc c:/program files (x86)/atmel/studio/7.0/toolchain/avr8/avr8-gnu-toolchain/bin/../lib/gcc/avr/5.4.0/../../../../avr/lib/avrxmega7\libm.a(fp_inf.o)
                0x000025b0                __fp_inf
 .text.avr-libc.fplib
                0x000025bc        0x6 c:/program files (x86)/atmel/studio/7.0/toolchain/avr8/avr8-gnu-toolchain/bin/../lib/gcc/avr/5.4.0/../../../../avr/lib/avrxmega7\libm.a(fp_nan.o)
                0x000025bc                __fp_nan
 .text.avr-libc.fplib
                0x000025c2        0xe c:/program files (x86)/atmel/studio/7.0/toolchain/avr8/avr8-gnu-toolchain/bin/../lib/gcc/avr/5.4.0/../../../../avr/lib/avrxmega7\libm.a(fp_pscA.o)
                0x000025c2                __fp_pscA
 .text.avr-libc.fplib
                0x000025d0        0xe c:/program files (x86)/atmel/studio/7.0/toolchain/avr8/avr8-gnu-toolchain/bin/../lib/gcc/avr/5.4.0/../../../../avr/lib/avrxmega7\libm.a(fp_pscB.o)
                0x000025d0                __fp_pscB
 .text.avr-libc.fplib
                0x000025de       0x22 c:/program files (x86)/atmel/studio/7.0/toolchain/avr8/avr8-gnu-toolchain/bin/../lib/gcc/avr/5.4.0/../../../../avr/lib/avrxmega7\libm.a(fp_round.o)
                0x000025de                __fp_round
 .text.avr-libc.fplib
                0x00002600       0x44 c:/program files (x86)/atmel/studio/7.0/toolchain/avr8/avr8-gnu-toolchain/bin/../lib/gcc/avr/5.4.0/../../../../avr/lib/avrxmega7\libm.a(fp_split3.o)
                0x00002600                __fp_split3
                0x00002610                __fp_splitA
 .text.avr-libc.fplib
                0x00002644        0xe c:/program files (x86)/atmel/studio/7.0/toolchain/avr8/avr8-gnu-toolchain/bin/../lib/gcc/avr/5.4.0/../../../../avr/lib/avrxmega7\libm.a(fp_zero.o)
                0x00002644                __fp_zero
                0x00002646                __fp_szero
 .text.avr-libc.fplib
                0x00002652        0xa c:/program files (x86)/atmel/studio/7.0/toolchain/avr8/avr8-gnu-toolchain/bin/../lib/gcc/avr/5.4.0/../../../../avr/lib/avrxmega7\libm.a(gesf2.o)
                0x00002652                __gesf2
                0x00002652                __gtsf2
 .text.avr-libc.fplib
                0x0000265c        0x8 c:/program files (x86)/atmel/studio/7.0/toolchain/avr8/avr8-gnu-toolchain/bin/../lib/gcc/avr/5.4.0/../../../../avr/lib/avrxmega7\libm.a(mulsf3.o)
                0x0000265c                __mulsf3
 .text.avr-libc.fplib
                0x00002664       0xd2 c:/program files (x86)/atmel/studio/7.0/toolchain/avr8/avr8-gnu-toolchain/bin/../lib/gcc/avr/5.4.0/../../../../avr/lib/avrxmega7\libm.a(mulsf3x.o)
                0x00002682                __mulsf3x
                0x00002688                __mulsf3_pse
 .text.avr-libc.fplib
                0x00002736       0xa0 c:/program files (x86)/atmel/studio/7.0/toolchain/avr8/avr8-gnu-toolchain/bin/../lib/gcc/avr/5.4.0/../../../../avr/lib/avrxmega7\libm.a(pow.o)
                0x00002736                pow
 .text.avr-libc.fplib
                0x000027d6       0x8c c:/program files (x86)/atmel/studio/7.0/toolchain/avr8/avr8-gnu-toolchain/bin/../lib/gcc/avr/5.4.0/../../../../avr/lib/avrxmega7\libm.a(sqrt.o)
                0x000027e2                sqrtf
                0x000027e2                sqrt
 .text.avr-libc.fplib
                0x00002862       0x74 c:/program files (x86)/atmel/studio/7.0/toolchain/avr8/avr8-gnu-toolchain/bin/../lib/gcc/avr/5.4.0/../../../../avr/lib/avrxmega7\libm.a(exp.o)
                0x00002872                exp
 .text.avr-libc.fplib
                0x000028d6       0x1c c:/program files (x86)/atmel/studio/7.0/toolchain/avr8/avr8-gnu-toolchain/bin/../lib/gcc/avr/5.4.0/../../../../avr/lib/avrxmega7\libm.a(fp_mpack.o)
                0x000028d6                __fp_mpack
                0x000028da                __fp_mpack_finite
 .text.avr-libc.fplib
                0x000028f2        0xe c:/program files (x86)/atmel/studio/7.0/toolchain/avr8/avr8-gnu-toolchain/bin/../lib/gcc/avr/5.4.0/../../../../avr/lib/avrxmega7\libm.a(fp_norm2.o)
                0x000028f2                __fp_norm2
 .text.avr-libc.fplib
                0x00002900       0x4e c:/program files (x86)/atmel/studio/7.0/toolchain/avr8/avr8-gnu-toolchain/bin/../lib/gcc/avr/5.4.0/../../../../avr/lib/avrxmega7\libm.a(fp_powser.o)
                0x00002900                __fp_powser
 .text.avr-libc.fplib
                0x0000294e       0x10 c:/program files (x86)/atmel/studio/7.0/toolchain/avr8/avr8-gnu-toolchain/bin/../lib/gcc/avr/5.4.0/../../../../avr/lib/avrxmega7\libm.a(inverse.o)
                0x0000294e                inverse
 .text.avr-libc.fplib
                0x0000295e       0x74 c:/program files (x86)/atmel/studio/7.0/toolchain/avr8/avr8-gnu-toolchain/bin/../lib/gcc/avr/5.4.0/../../../../avr/lib/avrxmega7\libm.a(ldexp.o)
                0x00002966                ldexp
 .text.avr-libc.fplib
                0x000029d2       0xa0 c:/program files (x86)/atmel/studio/7.0/toolchain/avr8/avr8-gnu-toolchain/bin/../lib/gcc/avr/5.4.0/../../../../avr/lib/avrxmega7\libm.a(log.o)
                0x000029e2                log
 .text.avr-libc.fplib
                0x00002a72       0x68 c:/program files (x86)/atmel/studio/7.0/toolchain/avr8/avr8-gnu-toolchain/bin/../lib/gcc/avr/5.4.0/../../../../avr/lib/avrxmega7\libm.a(modf.o)
                0x00002a72                modf
                0x00002a72                modff
 .text.avr-libc
                0x00002ada      0x740 c:/program files (x86)/atmel/studio/7.0/toolchain/avr8/avr8-gnu-toolchain/bin/../lib/gcc/avr/5.4.0/../../../../avr/lib/avrxmega7\libprintf_flt.a(vfprintf_flt.o)
                0x00002ada                vfprintf
 .text.libgcc   0x0000321a       0x12 c:/program files (x86)/atmel/studio/7.0/toolchain/avr8/avr8-gnu-toolchain/bin/../lib/gcc/avr/5.4.0/avrxmega7\libgcc.a(_tablejump2.o)
                0x0000321a                __tablejump2__
 .text.avr-libc
                0x0000322c      0x2b8 c:/program files (x86)/atmel/studio/7.0/toolchain/avr8/avr8-gnu-toolchain/bin/../lib/gcc/avr/5.4.0/../../../../avr/lib/avrxmega7\libc.a(strtod.o)
                0x0000322c                strtod
 .text.avr-libc
                0x000034e4      0x1b0 c:/program files (x86)/atmel/studio/7.0/toolchain/avr8/avr8-gnu-toolchain/bin/../lib/gcc/avr/5.4.0/../../../../avr/lib/avrxmega7\libc.a(ftoa_engine.o)
                0x000034e4                __ftoa_engine
 .text.avr-libc
                0x00003694       0x12 c:/program files (x86)/atmel/studio/7.0/toolchain/avr8/avr8-gnu-toolchain/bin/../lib/gcc/avr/5.4.0/../../../../avr/lib/avrxmega7\libc.a(isspace.o)
                0x00003694                isspace
 .text.avr-libc
                0x000036a6       0x30 c:/program files (x86)/atmel/studio/7.0/toolchain/avr8/avr8-gnu-toolchain/bin/../lib/gcc/avr/5.4.0/../../../../avr/lib/avrxmega7\libc.a(strncasecmp_P.o)
                0x000036a6                strncasecmp_P
 .text.avr-libc
                0x000036d6       0x16 c:/program files (x86)/atmel/studio/7.0/toolchain/avr8/avr8-gnu-toolchain/bin/../lib/gcc/avr/5.4.0/../../../../avr/lib/avrxmega7\libc.a(strnlen_P.o)
                0x000036d6                strnlen_P
 .text.avr-libc
                0x000036ec        0xe c:/program files (x86)/atmel/studio/7.0/toolchain/avr8/avr8-gnu-toolchain/bin/../lib/gcc/avr/5.4.0/../../../../avr/lib/avrxmega7\libc.a(memset.o)
                0x000036ec                memset
 .text.avr-libc
                0x000036fa        0xe c:/program files (x86)/atmel/studio/7.0/toolchain/avr8/avr8-gnu-toolchain/bin/../lib/gcc/avr/5.4.0/../../../../avr/lib/avrxmega7\libc.a(strcpy.o)
                0x000036fa                strcpy
 .text.avr-libc
                0x00003708       0x16 c:/program files (x86)/atmel/studio/7.0/toolchain/avr8/avr8-gnu-toolchain/bin/../lib/gcc/avr/5.4.0/../../../../avr/lib/avrxmega7\libc.a(strnlen.o)
                0x00003708                strnlen
 .text.avr-libc
                0x0000371e       0x78 c:/program files (x86)/atmel/studio/7.0/toolchain/avr8/avr8-gnu-toolchain/bin/../lib/gcc/avr/5.4.0/../../../../avr/lib/avrxmega7\libc.a(fputc.o)
                0x0000371e                fputc
 .text.avr-libc
                0x00003796       0x6e c:/program files (x86)/atmel/studio/7.0/toolchain/avr8/avr8-gnu-toolchain/bin/../lib/gcc/avr/5.4.0/../../../../avr/lib/avrxmega7\libc.a(snprintf.o)
                0x00003796                snprintf
 .text.avr-libc
                0x00003804       0xbc c:/program files (x86)/atmel/studio/7.0/toolchain/avr8/avr8-gnu-toolchain/bin/../lib/gcc/avr/5.4.0/../../../../avr/lib/avrxmega7\libc.a(ultoa_invert.o)
                0x00003804                __ultoa_invert
 .text.avr-libc
                0x000038c0        0x6 c:/program files (x86)/atmel/studio/7.0/toolchain/avr8/avr8-gnu-toolchain/bin/../lib/gcc/avr/5.4.0/../../../../avr/lib/avrxmega7\libc.a(cty_isfalse.o)
                0x000038c0                __ctype_isfalse
                0x000038c4                __ctype_istrue
 .text.libgcc.mul
                0x000038c6       0x16 c:/program files (x86)/atmel/studio/7.0/toolchain/avr8/avr8-gnu-toolchain/bin/../lib/gcc/avr/5.4.0/avrxmega7\libgcc.a(_muluhisi3.o)
                0x000038c6                __muluhisi3
 .text.libgcc.mul
                0x000038dc       0x1e c:/program files (x86)/atmel/studio/7.0/toolchain/avr8/avr8-gnu-toolchain/bin/../lib/gcc/avr/5.4.0/avrxmega7\libgcc.a(_umulhisi3.o)
                0x000038dc                __umulhisi3
                0x000038fa                . = ALIGN (0x2)
 *(.fini9)
 .fini9         0x000038fa        0x0 c:/program files (x86)/atmel/studio/7.0/toolchain/avr8/avr8-gnu-toolchain/bin/../lib/gcc/avr/5.4.0/avrxmega7\libgcc.a(_exit.o)
                0x000038fa                _exit
                0x000038fa                exit
 *(.fini9)
 *(.fini8)
 *(.fini8)
 *(.fini7)
 *(.fini7)
 *(.fini6)
 *(.fini6)
 *(.fini5)
 *(.fini5)
 *(.fini4)
 *(.fini4)
 *(.fini3)
 *(.fini3)
 *(.fini2)
 *(.fini2)
 *(.fini1)
 *(.fini1)
 *(.fini0)
 .fini0         0x000038fa        0x4 c:/program files (x86)/atmel/studio/7.0/toolchain/avr8/avr8-gnu-toolchain/bin/../lib/gcc/avr/5.4.0/avrxmega7\libgcc.a(_exit.o)
 *(.fini0)
                0x000038fe                _etext = .

.data           0x00802000      0x1bc load address 0x000038fe
                0x00802000                PROVIDE (__data_start, .)
 *(.data)
 *(.data*)
 .data._ZN10ComHandler3comE
                0x00802000        0x1 ComHandler.o
                0x00802000                _ZN10ComHandler3comE
 *(.rodata)
 .rodata        0x00802001        0x8 main.o
 *(.rodata*)
 .rodata.str1.1
                0x00802009       0x26 ComHandler.o
                                 0x29 (size before relaxing)
 .rodata.str1.1
                0x0080202f       0xf9 Ms5525dso.o
 .rodata._ZN9Ms5525dso7OSR4096E
                0x00802128        0x3 Ms5525dso.o
                0x00802128                _ZN9Ms5525dso7OSR4096E
 .rodata.str1.1
                0x0080212b       0x89 TestHandler.o
 .rodata._ZN5Usart10BAUD_115k2E
                0x008021b4        0x4 Usart.o
                0x008021b4                _ZN5Usart10BAUD_115k2E
 .rodata._ZN5Usart8BAUD_9k6E
                0x008021b8        0x4 Usart.o
                0x008021b8                _ZN5Usart8BAUD_9k6E
 *(.gnu.linkonce.d*)
                0x008021bc                . = ALIGN (0x2)
                0x008021bc                _edata = .
                0x008021bc                PROVIDE (__data_end, .)

.bss            0x008021bc       0xc0
                0x008021bc                PROVIDE (__bss_start, .)
 *(.bss)
 *(.bss*)
 .bss._ZN4Adca3ch3E
                0x008021bc        0x2 Adca.o
                0x008021bc                _ZN4Adca3ch3E
 .bss._ZN4Adca3ch2E
                0x008021be        0x2 Adca.o
                0x008021be                _ZN4Adca3ch2E
 .bss._ZN4Adca3ch1E
                0x008021c0        0x2 Adca.o
                0x008021c0                _ZN4Adca3ch1E
 .bss._ZN4Adca3ch0E
                0x008021c2        0x2 Adca.o
                0x008021c2                _ZN4Adca3ch0E
 .bss._ZN4Adca7ch3flagE
                0x008021c4        0x1 Adca.o
                0x008021c4                _ZN4Adca7ch3flagE
 .bss._ZN4Adca7ch2flagE
                0x008021c5        0x1 Adca.o
                0x008021c5                _ZN4Adca7ch2flagE
 .bss._ZN4Adca7ch1flagE
                0x008021c6        0x1 Adca.o
                0x008021c6                _ZN4Adca7ch1flagE
 .bss._ZN4Adca7ch0flagE
                0x008021c7        0x1 Adca.o
                0x008021c7                _ZN4Adca7ch0flagE
 .bss._ZN10ComHandler8myUsart1E
                0x008021c8        0x2 ComHandler.o
                0x008021c8                _ZN10ComHandler8myUsart1E
 .bss._ZN10ComHandler8myUsart0E
                0x008021ca        0x2 ComHandler.o
                0x008021ca                _ZN10ComHandler8myUsart0E
 .bss._ZN10ComHandler8myTimer0E
                0x008021cc        0x2 ComHandler.o
                0x008021cc                _ZN10ComHandler8myTimer0E
 .bss._ZN10ComHandler5rxBufE
                0x008021ce       0x40 ComHandler.o
                0x008021ce                _ZN10ComHandler5rxBufE
 .bss._ZN10ComHandler11timeFlag_msE
                0x0080220e        0x4 ComHandler.o
                0x0080220e                _ZN10ComHandler11timeFlag_msE
 .bss._ZN10ComHandler5stateE
                0x00802212        0x1 ComHandler.o
                0x00802212                _ZN10ComHandler5stateE
 .bss._ZN4Tcc016timeIncrement_msE
                0x00802213        0x4 Tcc0.o
                0x00802213                _ZN4Tcc016timeIncrement_msE
 .bss._ZN4Tcc07time_msE
                0x00802217        0x4 Tcc0.o
                0x00802217                _ZN4Tcc07time_msE
 .bss._ZN11TestHandler8stopFlagE
                0x0080221b        0x1 TestHandler.o
                0x0080221b                _ZN11TestHandler8stopFlagE
 .bss._ZN11TestHandler11outputValveE
                0x0080221c        0x2 TestHandler.o
                0x0080221c                _ZN11TestHandler11outputValveE
 .bss._ZN11TestHandler11sampleValveE
                0x0080221e        0x2 TestHandler.o
                0x0080221e                _ZN11TestHandler11sampleValveE
 .bss._ZN11TestHandler11gascalValveE
                0x00802220        0x2 TestHandler.o
                0x00802220                _ZN11TestHandler11gascalValveE
 .bss._ZN11TestHandler8myUsart1E
                0x00802222        0x2 TestHandler.o
                0x00802222                _ZN11TestHandler8myUsart1E
 .bss._ZN11TestHandler8myUsart0E
                0x00802224        0x2 TestHandler.o
                0x00802224                _ZN11TestHandler8myUsart0E
 .bss._ZN11TestHandler7myTimerE
                0x00802226        0x2 TestHandler.o
                0x00802226                _ZN11TestHandler7myTimerE
 .bss._ZN11TestHandler6myPumpE
                0x00802228        0x2 TestHandler.o
                0x00802228                _ZN11TestHandler6myPumpE
 .bss._ZN11TestHandler12myFlowSensorE
                0x0080222a        0x2 TestHandler.o
                0x0080222a                _ZN11TestHandler12myFlowSensorE
 .bss._ZN11TestHandler5myAdcE
                0x0080222c        0x2 TestHandler.o
                0x0080222c                _ZN11TestHandler5myAdcE
 .bss._ZN11TestHandler6gascalE
                0x0080222e        0x8 TestHandler.o
                0x0080222e                _ZN11TestHandler6gascalE
 .bss._ZN7UsartC16rxCharE
                0x00802236        0x1 UsartC1.o
                0x00802236                _ZN7UsartC16rxCharE
 .bss._ZN7UsartC17rxcFlagE
                0x00802237        0x1 UsartC1.o
                0x00802237                _ZN7UsartC17rxcFlagE
 .bss._ZN7UsartE06rxCharE
                0x00802238        0x1 UsartE0.o
                0x00802238                _ZN7UsartE06rxCharE
 .bss._ZN7UsartE07rxcFlagE
                0x00802239        0x1 UsartE0.o
                0x00802239                _ZN7UsartE07rxcFlagE
 .bss._ZN5Utils5txBufE
                0x0080223a       0x40 Utils.o
                0x0080223a                _ZN5Utils5txBufE
 *(COMMON)
 COMMON         0x0080227a        0x2 c:/program files (x86)/atmel/studio/7.0/toolchain/avr8/avr8-gnu-toolchain/bin/../lib/gcc/avr/5.4.0/../../../../avr/lib/avrxmega7\libc.a(errno.o)
                0x0080227a                errno
                0x0080227c                PROVIDE (__bss_end, .)
                0x000038fe                __data_load_start = LOADADDR (.data)
                0x00003aba                __data_load_end = (__data_load_start + SIZEOF (.data))

.noinit         0x0080227c        0x0
                [!provide]                PROVIDE (__noinit_start, .)
 *(.noinit*)
                [!provide]                PROVIDE (__noinit_end, .)
                0x0080227c                _end = .
                [!provide]                PROVIDE (__heap_start, .)

.eeprom         0x00810000        0x0
 *(.eeprom*)
                0x00810000                __eeprom_end = .

.fuse
 *(.fuse)
 *(.lfuse)
 *(.hfuse)
 *(.efuse)

.lock
 *(.lock*)

.signature
 *(.signature*)

.user_signatures
 *(.user_signatures*)

.stab
 *(.stab)

.stabstr
 *(.stabstr)

.stab.excl
 *(.stab.excl)

.stab.exclstr
 *(.stab.exclstr)

.stab.index
 *(.stab.index)

.stab.indexstr
 *(.stab.indexstr)

.comment        0x00000000       0x5c
 *(.comment)
 .comment       0x00000000       0x30 Adca.o
                                 0x31 (size before relaxing)
 .comment       0x00000030       0x31 ComHandler.o
 .comment       0x00000030       0x31 Ms5525dso.o
 .comment       0x00000030       0x31 Pump.o
 .comment       0x00000030       0x31 Tcc0.o
 .comment       0x00000030       0x31 TestHandler.o
 .comment       0x00000030       0x31 Twie.o
 .comment       0x00000030       0x31 UsartC1.o
 .comment       0x00000030       0x31 UsartE0.o
 .comment       0x00000030       0x31 Utils.o
 .comment       0x00000030       0x31 main.o
 .comment       0x00000030       0x31 Usart.o
 .comment       0x00000030       0x31 Valve.o
 .comment       0x00000030       0x2c c:/program files (x86)/atmel/studio/7.0/toolchain/avr8/avr8-gnu-toolchain/bin/../lib/gcc/avr/5.4.0/../../../../avr/lib/avrxmega7\libprintf_flt.a(vfprintf_flt.o)
                                 0x2d (size before relaxing)
 .comment       0x0000005c       0x31 c:/program files (x86)/atmel/studio/7.0/toolchain/avr8/avr8-gnu-toolchain/bin/../lib/gcc/avr/5.4.0/../../../../avr/lib/avrxmega7\libc.a(strtod.o)
 .comment       0x0000005c       0x31 c:/program files (x86)/atmel/studio/7.0/toolchain/avr8/avr8-gnu-toolchain/bin/../lib/gcc/avr/5.4.0/../../../../avr/lib/avrxmega7\libc.a(fputc.o)
 .comment       0x0000005c       0x31 c:/program files (x86)/atmel/studio/7.0/toolchain/avr8/avr8-gnu-toolchain/bin/../lib/gcc/avr/5.4.0/../../../../avr/lib/avrxmega7\libc.a(snprintf.o)
 .comment       0x0000005c       0x2d c:/program files (x86)/atmel/studio/7.0/toolchain/avr8/avr8-gnu-toolchain/bin/../lib/gcc/avr/5.4.0/../../../../avr/lib/avrxmega7\libc.a(errno.o)

.note.gnu.avr.deviceinfo
                0x00000000       0x40
 .note.gnu.avr.deviceinfo
                0x00000000       0x40 C:/Program Files (x86)/Atmel/Studio/7.0/Packs/atmel/XMEGAA_DFP/1.1.68/gcc/dev/atxmega128a4u/avrxmega7/crtatxmega128a4u.o

.note.gnu.build-id
 *(.note.gnu.build-id)

.debug
 *(.debug)

.line
 *(.line)

.debug_srcinfo
 *(.debug_srcinfo)

.debug_sfnames
 *(.debug_sfnames)

.debug_aranges  0x00000000      0x808
 *(.debug_aranges)
 .debug_aranges
                0x00000000      0x168 Adca.o
 .debug_aranges
                0x00000168       0x50 ComHandler.o
 .debug_aranges
                0x000001b8       0x58 Ms5525dso.o
 .debug_aranges
                0x00000210       0x38 Pump.o
 .debug_aranges
                0x00000248      0x150 Tcc0.o
 .debug_aranges
                0x00000398       0x58 TestHandler.o
 .debug_aranges
                0x000003f0      0x120 Twie.o
 .debug_aranges
                0x00000510      0x120 UsartC1.o
 .debug_aranges
                0x00000630      0x120 UsartE0.o
 .debug_aranges
                0x00000750       0x40 Utils.o
 .debug_aranges
                0x00000790       0x28 main.o
 .debug_aranges
                0x000007b8       0x18 Usart.o
 .debug_aranges
                0x000007d0       0x38 Valve.o

.debug_pubnames
 *(.debug_pubnames)

.debug_info     0x00000000    0x17ec1
 *(.debug_info .gnu.linkonce.wi.*)
 .debug_info    0x00000000     0x284f C:/Program Files (x86)/Atmel/Studio/7.0/Packs/atmel/XMEGAA_DFP/1.1.68/gcc/dev/atxmega128a4u/avrxmega7/crtatxmega128a4u.o
 .debug_info    0x0000284f     0x1b2e Adca.o
 .debug_info    0x0000437d     0x3ebc ComHandler.o
 .debug_info    0x00008239     0x14bf Ms5525dso.o
 .debug_info    0x000096f8      0x22c Pump.o
 .debug_info    0x00009924     0x26b4 Tcc0.o
 .debug_info    0x0000bfd8     0x442b TestHandler.o
 .debug_info    0x00010403     0x10d6 Twie.o
 .debug_info    0x000114d9     0x1213 UsartC1.o
 .debug_info    0x000126ec     0x1213 UsartE0.o
 .debug_info    0x000138ff      0x39a Utils.o
 .debug_info    0x00013c99     0x3ca4 main.o
 .debug_info    0x0001793d      0x314 Usart.o
 .debug_info    0x00017c51      0x270 Valve.o

.debug_abbrev   0x00000000     0x4aca
 *(.debug_abbrev)
 .debug_abbrev  0x00000000     0x262c C:/Program Files (x86)/Atmel/Studio/7.0/Packs/atmel/XMEGAA_DFP/1.1.68/gcc/dev/atxmega128a4u/avrxmega7/crtatxmega128a4u.o
 .debug_abbrev  0x0000262c      0x34f Adca.o
 .debug_abbrev  0x0000297b      0x513 ComHandler.o
 .debug_abbrev  0x00002e8e      0x346 Ms5525dso.o
 .debug_abbrev  0x000031d4      0x141 Pump.o
 .debug_abbrev  0x00003315      0x363 Tcc0.o
 .debug_abbrev  0x00003678      0x49a TestHandler.o
 .debug_abbrev  0x00003b12      0x2d0 Twie.o
 .debug_abbrev  0x00003de2      0x2c2 UsartC1.o
 .debug_abbrev  0x000040a4      0x2c2 UsartE0.o
 .debug_abbrev  0x00004366      0x1cc Utils.o
 .debug_abbrev  0x00004532      0x392 main.o
 .debug_abbrev  0x000048c4       0x88 Usart.o
 .debug_abbrev  0x0000494c      0x17e Valve.o

.debug_line     0x00000000     0x3644
 *(.debug_line .debug_line.* .debug_line_end)
 .debug_line    0x00000000      0x3b5 C:/Program Files (x86)/Atmel/Studio/7.0/Packs/atmel/XMEGAA_DFP/1.1.68/gcc/dev/atxmega128a4u/avrxmega7/crtatxmega128a4u.o
 .debug_line    0x000003b5      0x82c Adca.o
 .debug_line    0x00000be1      0x462 ComHandler.o
 .debug_line    0x00001043      0x397 Ms5525dso.o
 .debug_line    0x000013da      0x10d Pump.o
 .debug_line    0x000014e7      0x726 Tcc0.o
 .debug_line    0x00001c0d      0x5dc TestHandler.o
 .debug_line    0x000021e9      0x4ed Twie.o
 .debug_line    0x000026d6      0x4d7 UsartC1.o
 .debug_line    0x00002bad      0x4d7 UsartE0.o
 .debug_line    0x00003084      0x21c Utils.o
 .debug_line    0x000032a0      0x1f8 main.o
 .debug_line    0x00003498       0x99 Usart.o
 .debug_line    0x00003531      0x113 Valve.o

.debug_frame    0x00000000     0x13a0
 *(.debug_frame)
 .debug_frame   0x00000000      0x314 Adca.o
 .debug_frame   0x00000314       0xf0 ComHandler.o
 .debug_frame   0x00000404      0x1c8 Ms5525dso.o
 .debug_frame   0x000005cc       0x54 Pump.o
 .debug_frame   0x00000620      0x2d4 Tcc0.o
 .debug_frame   0x000008f4      0x284 TestHandler.o
 .debug_frame   0x00000b78      0x240 Twie.o
 .debug_frame   0x00000db8      0x274 UsartC1.o
 .debug_frame   0x0000102c      0x274 UsartE0.o
 .debug_frame   0x000012a0       0x64 Utils.o
 .debug_frame   0x00001304       0x48 main.o
 .debug_frame   0x0000134c       0x54 Valve.o

.debug_str      0x00000000     0x6f46
 *(.debug_str)
 .debug_str     0x00000000     0x1aa8 C:/Program Files (x86)/Atmel/Studio/7.0/Packs/atmel/XMEGAA_DFP/1.1.68/gcc/dev/atxmega128a4u/avrxmega7/crtatxmega128a4u.o
 .debug_str     0x00001aa8     0x1534 Adca.o
                               0x157f (size before relaxing)
 .debug_str     0x00002fdc     0x3644 ComHandler.o
                               0x4b06 (size before relaxing)
 .debug_str     0x00006620       0xc4 Ms5525dso.o
                               0x10ae (size before relaxing)
 .debug_str     0x000066e4       0x1b Pump.o
                                0x24e (size before relaxing)
 .debug_str     0x000066ff       0xb6 Tcc0.o
                               0x292e (size before relaxing)
 .debug_str     0x000067b5      0x3a9 TestHandler.o
                               0x4d37 (size before relaxing)
 .debug_str     0x00006b5e       0x2f Twie.o
                                0xe41 (size before relaxing)
 .debug_str     0x00006b8d       0x8c UsartC1.o
                               0x10c1 (size before relaxing)
 .debug_str     0x00006c19       0x83 UsartE0.o
                               0x10c1 (size before relaxing)
 .debug_str     0x00006c9c       0x8b Utils.o
                                0x3cd (size before relaxing)
 .debug_str     0x00006d27       0x4b main.o
                               0x49a8 (size before relaxing)
 .debug_str     0x00006d72      0x1b7 Usart.o
                                0x458 (size before relaxing)
 .debug_str     0x00006f29       0x1d Valve.o
                                0x277 (size before relaxing)

.debug_loc      0x00000000     0x5a34
 *(.debug_loc)
 .debug_loc     0x00000000     0x153f Adca.o
 .debug_loc     0x0000153f      0x525 ComHandler.o
 .debug_loc     0x00001a64      0x7c2 Ms5525dso.o
 .debug_loc     0x00002226       0x40 Pump.o
 .debug_loc     0x00002266      0xd78 Tcc0.o
 .debug_loc     0x00002fde     0x1007 TestHandler.o
 .debug_loc     0x00003fe5      0x7fe Twie.o
 .debug_loc     0x000047e3      0x834 UsartC1.o
 .debug_loc     0x00005017      0x834 UsartE0.o
 .debug_loc     0x0000584b      0x101 Utils.o
 .debug_loc     0x0000594c       0x70 main.o
 .debug_loc     0x000059bc       0x78 Valve.o

.debug_macinfo
 *(.debug_macinfo)

.debug_weaknames
 *(.debug_weaknames)

.debug_funcnames
 *(.debug_funcnames)

.debug_typenames
 *(.debug_typenames)

.debug_varnames
 *(.debug_varnames)

.debug_pubtypes
 *(.debug_pubtypes)

.debug_ranges   0x00000000      0x7e0
 *(.debug_ranges)
 .debug_ranges  0x00000000      0x158 Adca.o
 .debug_ranges  0x00000158       0x40 ComHandler.o
 .debug_ranges  0x00000198       0x48 Ms5525dso.o
 .debug_ranges  0x000001e0       0x28 Pump.o
 .debug_ranges  0x00000208      0x140 Tcc0.o
 .debug_ranges  0x00000348       0xf8 TestHandler.o
 .debug_ranges  0x00000440      0x110 Twie.o
 .debug_ranges  0x00000550      0x110 UsartC1.o
 .debug_ranges  0x00000660      0x110 UsartE0.o
 .debug_ranges  0x00000770       0x30 Utils.o
 .debug_ranges  0x000007a0       0x18 main.o
 .debug_ranges  0x000007b8       0x28 Valve.o

.debug_macro
 *(.debug_macro)
OUTPUT(evog_one.elf elf32-avr)
LOAD linker stubs
